Copyright 1986-2022 Xilinx, Inc. All Rights Reserved. Copyright 2022-2025 Advanced Micro Devices, Inc. All Rights Reserved.
---------------------------------------------------------------------------------------------------------------------------------------------
| Tool Version : Vivado v.2025.2 (win64) Build 6299465 Fri Nov 14 19:35:11 GMT 2025
| Date         : Fri Jun 26 17:48:53 2026
| Host         : DESKTOP-3778IF0 running 64-bit major release  (build 9200)
| Command      : report_timing_summary -file C:/CM/VHDL_Study_Hall/1_Blink_LED_NonProjectVersion/Build_Results/post_place_timing_summary.rpt
| Design       : Blink_LED
| Device       : 7a100t-csg324
| Speed File   : -1  PRODUCTION 1.23 2018-06-13
| Design State : Physopt postPlace
---------------------------------------------------------------------------------------------------------------------------------------------

Timing Summary Report

------------------------------------------------------------------------------------------------
| Timer Settings
| --------------
------------------------------------------------------------------------------------------------

  Enable Multi Corner Analysis               :  Yes
  Enable Pessimism Removal                   :  Yes
  Pessimism Removal Resolution               :  Nearest Common Node
  Enable Input Delay Default Clock           :  No
  Enable Preset / Clear Arcs                 :  No
  Disable Flight Delays                      :  No
  Ignore I/O Paths                           :  No
  Timing Early Launch at Borrowing Latches   :  No
  Borrow Time for Max Delay Exceptions       :  Yes
  Merge Timing Exceptions                    :  Yes
  Inter-SLR Compensation                     :  Conservative

  Corner  Analyze    Analyze    
  Name    Max Paths  Min Paths  
  ------  ---------  ---------  
  Slow    Yes        Yes        
  Fast    Yes        Yes        


------------------------------------------------------------------------------------------------
| Report Methodology
| ------------------
------------------------------------------------------------------------------------------------

No report available as report_methodology has not been run prior. Run report_methodology on the current design for the summary of methodology violations.



check_timing report

Table of Contents
-----------------
1. checking no_clock (0)
2. checking constant_clock (0)
3. checking pulse_width_clock (0)
4. checking unconstrained_internal_endpoints (0)
5. checking no_input_delay (0)
6. checking no_output_delay (1)
7. checking multiple_clock (0)
8. checking generated_clocks (0)
9. checking loops (0)
10. checking partial_input_delay (0)
11. checking partial_output_delay (0)
12. checking latch_loops (0)

1. checking no_clock (0)
------------------------
 There are 0 register/latch pins with no clock.


2. checking constant_clock (0)
------------------------------
 There are 0 register/latch pins with constant_clock.


3. checking pulse_width_clock (0)
---------------------------------
 There are 0 register/latch pins which need pulse_width check


4. checking unconstrained_internal_endpoints (0)
------------------------------------------------
 There are 0 pins that are not constrained for maximum delay.

 There are 0 pins that are not constrained for maximum delay due to constant clock.


5. checking no_input_delay (0)
------------------------------
 There are 0 input ports with no input delay specified.

 There are 0 input ports with no input delay but user has a false path constraint.


6. checking no_output_delay (1)
-------------------------------
 There is 1 port with no output delay specified. (HIGH)

 There are 0 ports with no output delay but user has a false path constraint

 There are 0 ports with no output delay but with a timing clock defined on it or propagating through it


7. checking multiple_clock (0)
------------------------------
 There are 0 register/latch pins with multiple clocks.


8. checking generated_clocks (0)
--------------------------------
 There are 0 generated clocks that are not connected to a clock source.


9. checking loops (0)
---------------------
 There are 0 combinational loops in the design.


10. checking partial_input_delay (0)
------------------------------------
 There are 0 input ports with partial input delay specified.


11. checking partial_output_delay (0)
-------------------------------------
 There are 0 ports with partial output delay specified.


12. checking latch_loops (0)
----------------------------
 There are 0 combinational latch loops in the design through latch input



------------------------------------------------------------------------------------------------
| Design Timing Summary
| ---------------------
------------------------------------------------------------------------------------------------

    WNS(ns)      TNS(ns)  TNS Failing Endpoints  TNS Total Endpoints      WHS(ns)      THS(ns)  THS Failing Endpoints  THS Total Endpoints     WPWS(ns)     TPWS(ns)  TPWS Failing Endpoints  TPWS Total Endpoints  
    -------      -------  ---------------------  -------------------      -------      -------  ---------------------  -------------------     --------     --------  ----------------------  --------------------  
      6.170        0.000                      0                   65        0.283        0.000                      0                   65        4.500        0.000                       0                    34  


All user specified timing constraints are met.


------------------------------------------------------------------------------------------------
| Clock Summary
| -------------
------------------------------------------------------------------------------------------------

Clock               Waveform(ns)       Period(ns)      Frequency(MHz)
-----               ------------       ----------      --------------
SYS_CLK_100MHZ_OBJ  {0.000 5.000}      10.000          100.000         


------------------------------------------------------------------------------------------------
| Intra Clock Table
| -----------------
------------------------------------------------------------------------------------------------

Clock                   WNS(ns)      TNS(ns)  TNS Failing Endpoints  TNS Total Endpoints      WHS(ns)      THS(ns)  THS Failing Endpoints  THS Total Endpoints     WPWS(ns)     TPWS(ns)  TPWS Failing Endpoints  TPWS Total Endpoints  
-----                   -------      -------  ---------------------  -------------------      -------      -------  ---------------------  -------------------     --------     --------  ----------------------  --------------------  
SYS_CLK_100MHZ_OBJ        6.170        0.000                      0                   65        0.283        0.000                      0                   65        4.500        0.000                       0                    34  


------------------------------------------------------------------------------------------------
| Inter Clock Table
| -----------------
------------------------------------------------------------------------------------------------

From Clock    To Clock          WNS(ns)      TNS(ns)  TNS Failing Endpoints  TNS Total Endpoints      WHS(ns)      THS(ns)  THS Failing Endpoints  THS Total Endpoints  
----------    --------          -------      -------  ---------------------  -------------------      -------      -------  ---------------------  -------------------  


------------------------------------------------------------------------------------------------
| Other Path Groups Table
| -----------------------
------------------------------------------------------------------------------------------------

Path Group    From Clock    To Clock          WNS(ns)      TNS(ns)  TNS Failing Endpoints  TNS Total Endpoints      WHS(ns)      THS(ns)  THS Failing Endpoints  THS Total Endpoints  
----------    ----------    --------          -------      -------  ---------------------  -------------------      -------      -------  ---------------------  -------------------  


------------------------------------------------------------------------------------------------
| Timing Details
| --------------
------------------------------------------------------------------------------------------------


---------------------------------------------------------------------------------------------------
From Clock:  SYS_CLK_100MHZ_OBJ
  To Clock:  SYS_CLK_100MHZ_OBJ

Setup :            0  Failing Endpoints,  Worst Slack        6.170ns,  Total Violation        0.000ns
Hold  :            0  Failing Endpoints,  Worst Slack        0.283ns,  Total Violation        0.000ns
PW    :            0  Failing Endpoints,  Worst Slack        4.500ns,  Total Violation        0.000ns
---------------------------------------------------------------------------------------------------


Max Delay Paths
--------------------------------------------------------------------------------------
Slack (MET) :             6.170ns  (required time - arrival time)
  Source:                 RE_counter_reg[5]/C
                            (rising edge-triggered cell FDRE clocked by SYS_CLK_100MHZ_OBJ  {rise@0.000ns fall@5.000ns period=10.000ns})
  Destination:            RE_counter_reg[21]/R
                            (rising edge-triggered cell FDRE clocked by SYS_CLK_100MHZ_OBJ  {rise@0.000ns fall@5.000ns period=10.000ns})
  Path Group:             SYS_CLK_100MHZ_OBJ
  Path Type:              Setup (Max at Slow Process Corner)
  Requirement:            10.000ns  (SYS_CLK_100MHZ_OBJ rise@10.000ns - SYS_CLK_100MHZ_OBJ rise@0.000ns)
  Data Path Delay:        3.338ns  (logic 0.704ns (21.090%)  route 2.634ns (78.910%))
  Logic Levels:           2  (LUT6=2)
  Clock Path Skew:        -0.028ns (DCD - SCD + CPR)
    Destination Clock Delay (DCD):    5.008ns = ( 15.008 - 10.000 ) 
    Source Clock Delay      (SCD):    5.309ns
    Clock Pessimism Removal (CPR):    0.273ns
  Clock Uncertainty:      0.035ns  ((TSJ^2 + TIJ^2)^1/2 + DJ) / 2 + PE
    Total System Jitter     (TSJ):    0.071ns
    Total Input Jitter      (TIJ):    0.000ns
    Discrete Jitter          (DJ):    0.000ns
    Phase Error              (PE):    0.000ns

    Location             Delay type                Incr(ns)  Path(ns)    Netlist Resource(s)
  -------------------------------------------------------------------    -------------------
                         (clock SYS_CLK_100MHZ_OBJ rise edge)
                                                      0.000     0.000 r  
    E3                                                0.000     0.000 r  sys_clk_100mhz (IN)
                         net (fo=0)                   0.000     0.000    sys_clk_100mhz
    E3                   IBUF (Prop_ibuf_I_O)         1.482     1.482 r  sys_clk_100mhz_IBUF_inst/O
                         net (fo=1, estimated)        2.025     3.507    sys_clk_100mhz_IBUF
    BUFGCTRL_X0Y16       BUFG (Prop_bufg_I_O)         0.096     3.603 r  sys_clk_100mhz_IBUF_BUFG_inst/O
                         net (fo=33, estimated)       1.706     5.309    sys_clk_100mhz_IBUF_BUFG
    SLICE_X0Y111         FDRE                                         r  RE_counter_reg[5]/C
  -------------------------------------------------------------------    -------------------
    SLICE_X0Y111         FDRE (Prop_fdre_C_Q)         0.456     5.765 r  RE_counter_reg[5]/Q
                         net (fo=2, estimated)        0.862     6.627    RE_counter[5]
    SLICE_X1Y111         LUT6 (Prop_lut6_I1_O)        0.124     6.751 r  RE_counter[31]_i_4/O
                         net (fo=1, estimated)        0.935     7.686    RE_counter[31]_i_4_n_0
    SLICE_X1Y112         LUT6 (Prop_lut6_I1_O)        0.124     7.810 r  RE_counter[31]_i_1/O
                         net (fo=33, estimated)       0.837     8.647    clk_out_1hz
    SLICE_X0Y115         FDRE                                         r  RE_counter_reg[21]/R
  -------------------------------------------------------------------    -------------------

                         (clock SYS_CLK_100MHZ_OBJ rise edge)
                                                     10.000    10.000 r  
    E3                                                0.000    10.000 r  sys_clk_100mhz (IN)
                         net (fo=0)                   0.000    10.000    sys_clk_100mhz
    E3                   IBUF (Prop_ibuf_I_O)         1.411    11.411 r  sys_clk_100mhz_IBUF_inst/O
                         net (fo=1, estimated)        1.924    13.335    sys_clk_100mhz_IBUF
    BUFGCTRL_X0Y16       BUFG (Prop_bufg_I_O)         0.091    13.426 r  sys_clk_100mhz_IBUF_BUFG_inst/O
                         net (fo=33, estimated)       1.582    15.008    sys_clk_100mhz_IBUF_BUFG
    SLICE_X0Y115         FDRE                                         r  RE_counter_reg[21]/C
                         clock pessimism              0.273    15.281    
                         clock uncertainty           -0.035    15.245    
    SLICE_X0Y115         FDRE (Setup_fdre_C_R)       -0.429    14.816    RE_counter_reg[21]
  -------------------------------------------------------------------
                         required time                         14.816    
                         arrival time                          -8.647    
  -------------------------------------------------------------------
                         slack                                  6.170    





Min Delay Paths
--------------------------------------------------------------------------------------
Slack (MET) :             0.283ns  (arrival time - required time)
  Source:                 RE_counter_reg[2]/C
                            (rising edge-triggered cell FDRE clocked by SYS_CLK_100MHZ_OBJ  {rise@0.000ns fall@5.000ns period=10.000ns})
  Destination:            RE_counter_reg[2]/D
                            (rising edge-triggered cell FDRE clocked by SYS_CLK_100MHZ_OBJ  {rise@0.000ns fall@5.000ns period=10.000ns})
  Path Group:             SYS_CLK_100MHZ_OBJ
  Path Type:              Hold (Min at Fast Process Corner)
  Requirement:            0.000ns  (SYS_CLK_100MHZ_OBJ rise@0.000ns - SYS_CLK_100MHZ_OBJ rise@0.000ns)
  Data Path Delay:        0.404ns  (logic 0.251ns (62.192%)  route 0.153ns (37.808%))
  Logic Levels:           1  (CARRY4=1)
  Clock Path Skew:        0.016ns (DCD - SCD - CPR)
    Destination Clock Delay (DCD):    2.233ns
    Source Clock Delay      (SCD):    1.724ns
    Clock Pessimism Removal (CPR):    0.493ns

    Location             Delay type                Incr(ns)  Path(ns)    Netlist Resource(s)
  -------------------------------------------------------------------    -------------------
                         (clock SYS_CLK_100MHZ_OBJ rise edge)
                                                      0.000     0.000 r  
    E3                                                0.000     0.000 r  sys_clk_100mhz (IN)
                         net (fo=0)                   0.000     0.000    sys_clk_100mhz
    E3                   IBUF (Prop_ibuf_I_O)         0.250     0.250 r  sys_clk_100mhz_IBUF_inst/O
                         net (fo=1, estimated)        0.854     1.103    sys_clk_100mhz_IBUF
    BUFGCTRL_X0Y16       BUFG (Prop_bufg_I_O)         0.026     1.129 r  sys_clk_100mhz_IBUF_BUFG_inst/O
                         net (fo=33, estimated)       0.595     1.724    sys_clk_100mhz_IBUF_BUFG
    SLICE_X0Y110         FDRE                                         r  RE_counter_reg[2]/C
  -------------------------------------------------------------------    -------------------
    SLICE_X0Y110         FDRE (Prop_fdre_C_Q)         0.141     1.865 r  RE_counter_reg[2]/Q
                         net (fo=2, estimated)        0.153     2.018    RE_counter[2]
    SLICE_X0Y110         CARRY4 (Prop_carry4_S[1]_O[1])
                                                      0.110     2.128 r  RE_counter_reg[4]_i_1/O[1]
                         net (fo=1, routed)           0.000     2.128    p_1_in[2]
    SLICE_X0Y110         FDRE                                         r  RE_counter_reg[2]/D
  -------------------------------------------------------------------    -------------------

                         (clock SYS_CLK_100MHZ_OBJ rise edge)
                                                      0.000     0.000 r  
    E3                                                0.000     0.000 r  sys_clk_100mhz (IN)
                         net (fo=0)                   0.000     0.000    sys_clk_100mhz
    E3                   IBUF (Prop_ibuf_I_O)         0.438     0.438 r  sys_clk_100mhz_IBUF_inst/O
                         net (fo=1, estimated)        0.899     1.336    sys_clk_100mhz_IBUF
    BUFGCTRL_X0Y16       BUFG (Prop_bufg_I_O)         0.029     1.365 r  sys_clk_100mhz_IBUF_BUFG_inst/O
                         net (fo=33, estimated)       0.868     2.233    sys_clk_100mhz_IBUF_BUFG
    SLICE_X0Y110         FDRE                                         r  RE_counter_reg[2]/C
                         clock pessimism             -0.493     1.740    
    SLICE_X0Y110         FDRE (Hold_fdre_C_D)         0.105     1.845    RE_counter_reg[2]
  -------------------------------------------------------------------
                         required time                         -1.845    
                         arrival time                           2.128    
  -------------------------------------------------------------------
                         slack                                  0.283    





Pulse Width Checks
--------------------------------------------------------------------------------------
Clock Name:         SYS_CLK_100MHZ_OBJ
Waveform(ns):       { 0.000 5.000 }
Period(ns):         10.000
Sources:            { sys_clk_100mhz }

Check Type        Corner  Lib Pin  Reference Pin  Required(ns)  Actual(ns)  Slack(ns)  Location        Pin
Min Period        n/a     BUFG/I   n/a            2.155         10.000      7.845      BUFGCTRL_X0Y16  sys_clk_100mhz_IBUF_BUFG_inst/I
Low Pulse Width   Slow    FDRE/C   n/a            0.500         5.000       4.500      SLICE_X1Y110    RE_counter_reg[0]/C
High Pulse Width  Slow    FDRE/C   n/a            0.500         5.000       4.500      SLICE_X1Y110    RE_counter_reg[0]/C



