Copyright 1986-2022 Xilinx, Inc. All Rights Reserved. Copyright 2022-2025 Advanced Micro Devices, Inc. All Rights Reserved.
---------------------------------------------------------------------------------------------------------------------------------------------------------------------------------------------------------------------------------------
| Tool Version : Vivado v.2025.2 (win64) Build 6299465 Fri Nov 14 19:35:11 GMT 2025
| Date         : Thu May 28 15:43:24 2026
| Host         : DESKTOP-3778IF0 running 64-bit major release  (build 9200)
| Command      : report_timing_summary -max_paths 10 -routable_nets -report_unconstrained -file Blink_LED_timing_summary_routed.rpt -pb Blink_LED_timing_summary_routed.pb -rpx Blink_LED_timing_summary_routed.rpx -warn_on_violation
| Design       : Blink_LED
| Device       : 7a100t-csg324
| Speed File   : -1  PRODUCTION 1.23 2018-06-13
| Design State : Routed
---------------------------------------------------------------------------------------------------------------------------------------------------------------------------------------------------------------------------------------

Timing Summary Report

------------------------------------------------------------------------------------------------
| Timer Settings
| --------------
------------------------------------------------------------------------------------------------

  Enable Multi Corner Analysis               :  Yes
  Enable Pessimism Removal                   :  Yes
  Pessimism Removal Resolution               :  Nearest Common Node
  Enable Input Delay Default Clock           :  No
  Enable Preset / Clear Arcs                 :  No
  Disable Flight Delays                      :  No
  Ignore I/O Paths                           :  No
  Timing Early Launch at Borrowing Latches   :  No
  Borrow Time for Max Delay Exceptions       :  Yes
  Merge Timing Exceptions                    :  Yes
  Inter-SLR Compensation                     :  Conservative

  Corner  Analyze    Analyze    
  Name    Max Paths  Min Paths  
  ------  ---------  ---------  
  Slow    Yes        Yes        
  Fast    Yes        Yes        


------------------------------------------------------------------------------------------------
| Report Methodology
| ------------------
------------------------------------------------------------------------------------------------

Rule       Severity  Description                     Violations  
---------  --------  ------------------------------  ----------  
TIMING-20  Warning   Non-clocked latch               33          
LATCH-1    Advisory  Existing latches in the design  1           

Note: This report is based on the most recent report_methodology run and may not be up-to-date. Run report_methodology on the current design for the latest report.



check_timing report

Table of Contents
-----------------
1. checking no_clock (64)
2. checking constant_clock (0)
3. checking pulse_width_clock (0)
4. checking unconstrained_internal_endpoints (33)
5. checking no_input_delay (0)
6. checking no_output_delay (1)
7. checking multiple_clock (0)
8. checking generated_clocks (0)
9. checking loops (0)
10. checking partial_input_delay (0)
11. checking partial_output_delay (0)
12. checking latch_loops (33)

1. checking no_clock (64)
-------------------------
 There are 32 register/latch pins with no clock driven by root clock pin: sys_clk_100mhz (HIGH)

 There is 1 register/latch pin with no clock driven by root clock pin: counter_reg[0]/Q (HIGH)

 There is 1 register/latch pin with no clock driven by root clock pin: counter_reg[10]/Q (HIGH)

 There is 1 register/latch pin with no clock driven by root clock pin: counter_reg[11]/Q (HIGH)

 There is 1 register/latch pin with no clock driven by root clock pin: counter_reg[12]/Q (HIGH)

 There is 1 register/latch pin with no clock driven by root clock pin: counter_reg[13]/Q (HIGH)

 There is 1 register/latch pin with no clock driven by root clock pin: counter_reg[14]/Q (HIGH)

 There is 1 register/latch pin with no clock driven by root clock pin: counter_reg[15]/Q (HIGH)

 There is 1 register/latch pin with no clock driven by root clock pin: counter_reg[16]/Q (HIGH)

 There is 1 register/latch pin with no clock driven by root clock pin: counter_reg[17]/Q (HIGH)

 There is 1 register/latch pin with no clock driven by root clock pin: counter_reg[18]/Q (HIGH)

 There is 1 register/latch pin with no clock driven by root clock pin: counter_reg[19]/Q (HIGH)

 There is 1 register/latch pin with no clock driven by root clock pin: counter_reg[1]/Q (HIGH)

 There is 1 register/latch pin with no clock driven by root clock pin: counter_reg[20]/Q (HIGH)

 There is 1 register/latch pin with no clock driven by root clock pin: counter_reg[21]/Q (HIGH)

 There is 1 register/latch pin with no clock driven by root clock pin: counter_reg[22]/Q (HIGH)

 There is 1 register/latch pin with no clock driven by root clock pin: counter_reg[23]/Q (HIGH)

 There is 1 register/latch pin with no clock driven by root clock pin: counter_reg[24]/Q (HIGH)

 There is 1 register/latch pin with no clock driven by root clock pin: counter_reg[25]/Q (HIGH)

 There is 1 register/latch pin with no clock driven by root clock pin: counter_reg[26]/Q (HIGH)

 There is 1 register/latch pin with no clock driven by root clock pin: counter_reg[27]/Q (HIGH)

 There is 1 register/latch pin with no clock driven by root clock pin: counter_reg[28]/Q (HIGH)

 There is 1 register/latch pin with no clock driven by root clock pin: counter_reg[29]/Q (HIGH)

 There is 1 register/latch pin with no clock driven by root clock pin: counter_reg[2]/Q (HIGH)

 There is 1 register/latch pin with no clock driven by root clock pin: counter_reg[30]/Q (HIGH)

 There is 1 register/latch pin with no clock driven by root clock pin: counter_reg[31]/Q (HIGH)

 There is 1 register/latch pin with no clock driven by root clock pin: counter_reg[3]/Q (HIGH)

 There is 1 register/latch pin with no clock driven by root clock pin: counter_reg[4]/Q (HIGH)

 There is 1 register/latch pin with no clock driven by root clock pin: counter_reg[5]/Q (HIGH)

 There is 1 register/latch pin with no clock driven by root clock pin: counter_reg[6]/Q (HIGH)

 There is 1 register/latch pin with no clock driven by root clock pin: counter_reg[7]/Q (HIGH)

 There is 1 register/latch pin with no clock driven by root clock pin: counter_reg[8]/Q (HIGH)

 There is 1 register/latch pin with no clock driven by root clock pin: counter_reg[9]/Q (HIGH)


2. checking constant_clock (0)
------------------------------
 There are 0 register/latch pins with constant_clock.


3. checking pulse_width_clock (0)
---------------------------------
 There are 0 register/latch pins which need pulse_width check


4. checking unconstrained_internal_endpoints (33)
-------------------------------------------------
 There are 33 pins that are not constrained for maximum delay. (HIGH)

 There are 0 pins that are not constrained for maximum delay due to constant clock.


5. checking no_input_delay (0)
------------------------------
 There are 0 input ports with no input delay specified.

 There are 0 input ports with no input delay but user has a false path constraint.


6. checking no_output_delay (1)
-------------------------------
 There is 1 port with no output delay specified. (HIGH)

 There are 0 ports with no output delay but user has a false path constraint

 There are 0 ports with no output delay but with a timing clock defined on it or propagating through it


7. checking multiple_clock (0)
------------------------------
 There are 0 register/latch pins with multiple clocks.


8. checking generated_clocks (0)
--------------------------------
 There are 0 generated clocks that are not connected to a clock source.


9. checking loops (0)
---------------------
 There are 0 combinational loops in the design.


10. checking partial_input_delay (0)
------------------------------------
 There are 0 input ports with partial input delay specified.


11. checking partial_output_delay (0)
-------------------------------------
 There are 0 ports with partial output delay specified.


12. checking latch_loops (33)
-----------------------------
 There are 33 combinational latch loops in the design through latch input (HIGH)



------------------------------------------------------------------------------------------------
| Design Timing Summary
| ---------------------
------------------------------------------------------------------------------------------------

    WNS(ns)      TNS(ns)  TNS Failing Endpoints  TNS Total Endpoints      WHS(ns)      THS(ns)  THS Failing Endpoints  THS Total Endpoints     WPWS(ns)     TPWS(ns)  TPWS Failing Endpoints  TPWS Total Endpoints  
    -------      -------  ---------------------  -------------------      -------      -------  ---------------------  -------------------     --------     --------  ----------------------  --------------------  
        inf        0.000                      0                   34          inf        0.000                      0                   34           NA           NA                      NA                    NA  


There are no user specified timing constraints.


------------------------------------------------------------------------------------------------
| Clock Summary
| -------------
------------------------------------------------------------------------------------------------


------------------------------------------------------------------------------------------------
| Intra Clock Table
| -----------------
------------------------------------------------------------------------------------------------

Clock             WNS(ns)      TNS(ns)  TNS Failing Endpoints  TNS Total Endpoints      WHS(ns)      THS(ns)  THS Failing Endpoints  THS Total Endpoints     WPWS(ns)     TPWS(ns)  TPWS Failing Endpoints  TPWS Total Endpoints  
-----             -------      -------  ---------------------  -------------------      -------      -------  ---------------------  -------------------     --------     --------  ----------------------  --------------------  


------------------------------------------------------------------------------------------------
| Inter Clock Table
| -----------------
------------------------------------------------------------------------------------------------

From Clock    To Clock          WNS(ns)      TNS(ns)  TNS Failing Endpoints  TNS Total Endpoints      WHS(ns)      THS(ns)  THS Failing Endpoints  THS Total Endpoints  
----------    --------          -------      -------  ---------------------  -------------------      -------      -------  ---------------------  -------------------  


------------------------------------------------------------------------------------------------
| Other Path Groups Table
| -----------------------
------------------------------------------------------------------------------------------------

Path Group    From Clock    To Clock          WNS(ns)      TNS(ns)  TNS Failing Endpoints  TNS Total Endpoints      WHS(ns)      THS(ns)  THS Failing Endpoints  THS Total Endpoints  
----------    ----------    --------          -------      -------  ---------------------  -------------------      -------      -------  ---------------------  -------------------  


------------------------------------------------------------------------------------------------
| User Ignored Path Table
| -----------------------
------------------------------------------------------------------------------------------------

Path Group    From Clock    To Clock    
----------    ----------    --------    


------------------------------------------------------------------------------------------------
| Unconstrained Path Table
| ------------------------
------------------------------------------------------------------------------------------------

Path Group    From Clock    To Clock    
----------    ----------    --------    
(none)                                    


------------------------------------------------------------------------------------------------
| Timing Details
| --------------
------------------------------------------------------------------------------------------------


--------------------------------------------------------------------------------------
Path Group:  (none)
From Clock:  
  To Clock:  

Max Delay            34 Endpoints
Min Delay            34 Endpoints
--------------------------------------------------------------------------------------


Max Delay Paths
--------------------------------------------------------------------------------------
Slack:                    inf
  Source:                 counter_reg[8]/G
                            (positive level-sensitive latch)
  Destination:            counter_reg[28]/D
  Path Group:             (none)
  Path Type:              Max at Slow Process Corner
  Data Path Delay:        5.366ns  (logic 0.931ns (17.352%)  route 4.435ns (82.648%))
  Logic Levels:           4  (LDCE=1 LUT4=1 LUT5=2)

    Location             Delay type                Incr(ns)  Path(ns)    Netlist Resource(s)
  -------------------------------------------------------------------    -------------------
    SLICE_X1Y49          LDCE                         0.000     0.000 r  counter_reg[8]/G
    SLICE_X1Y49          LDCE (EnToQ_ldce_G_Q)        0.559     0.559 r  counter_reg[8]/Q
                         net (fo=2, routed)           1.081     1.640    counter[8]
    SLICE_X4Y50          LUT4 (Prop_lut4_I3_O)        0.124     1.764 r  clk_1hz_reg_i_7/O
                         net (fo=1, routed)           0.597     2.361    clk_1hz_reg_i_7_n_1
    SLICE_X3Y49          LUT5 (Prop_lut5_I4_O)        0.124     2.485 r  clk_1hz_reg_i_4/O
                         net (fo=34, routed)          2.204     4.689    clk_1hz_reg_i_4_n_1
    SLICE_X3Y56          LUT5 (Prop_lut5_I2_O)        0.124     4.813 r  counter_reg[28]_i_1/O
                         net (fo=1, routed)           0.553     5.366    counter__0[28]
    SLICE_X3Y55          LDCE                                         r  counter_reg[28]/D
  -------------------------------------------------------------------    -------------------

Slack:                    inf
  Source:                 counter_reg[8]/G
                            (positive level-sensitive latch)
  Destination:            counter_reg[29]/D
  Path Group:             (none)
  Path Type:              Max at Slow Process Corner
  Data Path Delay:        5.194ns  (logic 0.931ns (17.925%)  route 4.263ns (82.075%))
  Logic Levels:           4  (LDCE=1 LUT4=1 LUT5=2)

    Location             Delay type                Incr(ns)  Path(ns)    Netlist Resource(s)
  -------------------------------------------------------------------    -------------------
    SLICE_X1Y49          LDCE                         0.000     0.000 r  counter_reg[8]/G
    SLICE_X1Y49          LDCE (EnToQ_ldce_G_Q)        0.559     0.559 r  counter_reg[8]/Q
                         net (fo=2, routed)           1.081     1.640    counter[8]
    SLICE_X4Y50          LUT4 (Prop_lut4_I3_O)        0.124     1.764 r  clk_1hz_reg_i_7/O
                         net (fo=1, routed)           0.597     2.361    clk_1hz_reg_i_7_n_1
    SLICE_X3Y49          LUT5 (Prop_lut5_I4_O)        0.124     2.485 r  clk_1hz_reg_i_4/O
                         net (fo=34, routed)          2.206     4.691    clk_1hz_reg_i_4_n_1
    SLICE_X3Y56          LUT5 (Prop_lut5_I2_O)        0.124     4.815 r  counter_reg[29]_i_1/O
                         net (fo=1, routed)           0.379     5.194    counter__0[29]
    SLICE_X3Y56          LDCE                                         r  counter_reg[29]/D
  -------------------------------------------------------------------    -------------------

Slack:                    inf
  Source:                 clk_1hz_reg/G
                            (positive level-sensitive latch)
  Destination:            LED
                            (output port)
  Path Group:             (none)
  Path Type:              Max at Slow Process Corner
  Data Path Delay:        5.096ns  (logic 3.409ns (66.908%)  route 1.686ns (33.092%))
  Logic Levels:           2  (LDCE=1 OBUF=1)

    Location             Delay type                Incr(ns)  Path(ns)    Netlist Resource(s)
  -------------------------------------------------------------------    -------------------
    SLICE_X0Y49          LDCE                         0.000     0.000 r  clk_1hz_reg/G
    SLICE_X0Y49          LDCE (EnToQ_ldce_G_Q)        0.761     0.761 r  clk_1hz_reg/Q
                         net (fo=2, routed)           1.686     2.447    LED_OBUF
    R10                  OBUF (Prop_obuf_I_O)         2.648     5.096 r  LED_OBUF_inst/O
                         net (fo=0)                   0.000     5.096    LED
    R10                                                               r  LED (OUT)
  -------------------------------------------------------------------    -------------------

Slack:                    inf
  Source:                 counter_reg[21]/G
                            (positive level-sensitive latch)
  Destination:            counter_reg[1]/D
  Path Group:             (none)
  Path Type:              Max at Slow Process Corner
  Data Path Delay:        5.061ns  (logic 0.931ns (18.396%)  route 4.130ns (81.604%))
  Logic Levels:           4  (LDCE=1 LUT4=1 LUT5=1 LUT6=1)

    Location             Delay type                Incr(ns)  Path(ns)    Netlist Resource(s)
  -------------------------------------------------------------------    -------------------
    SLICE_X3Y54          LDCE                         0.000     0.000 r  counter_reg[21]/G
    SLICE_X3Y54          LDCE (EnToQ_ldce_G_Q)        0.559     0.559 f  counter_reg[21]/Q
                         net (fo=2, routed)           0.823     1.382    counter[21]
    SLICE_X3Y53          LUT4 (Prop_lut4_I2_O)        0.124     1.506 r  clk_1hz_reg_i_9/O
                         net (fo=1, routed)           0.808     2.314    clk_1hz_reg_i_9_n_1
    SLICE_X3Y55          LUT6 (Prop_lut6_I1_O)        0.124     2.438 r  clk_1hz_reg_i_5/O
                         net (fo=34, routed)          1.916     4.355    clk_1hz_reg_i_5_n_1
    SLICE_X1Y49          LUT5 (Prop_lut5_I3_O)        0.124     4.479 r  counter_reg[1]_i_1/O
                         net (fo=1, routed)           0.582     5.061    counter__0[1]
    SLICE_X2Y49          LDCE                                         r  counter_reg[1]/D
  -------------------------------------------------------------------    -------------------

Slack:                    inf
  Source:                 counter_reg[8]/G
                            (positive level-sensitive latch)
  Destination:            counter_reg[25]/D
  Path Group:             (none)
  Path Type:              Max at Slow Process Corner
  Data Path Delay:        5.027ns  (logic 0.931ns (18.521%)  route 4.096ns (81.479%))
  Logic Levels:           4  (LDCE=1 LUT4=1 LUT5=2)

    Location             Delay type                Incr(ns)  Path(ns)    Netlist Resource(s)
  -------------------------------------------------------------------    -------------------
    SLICE_X1Y49          LDCE                         0.000     0.000 r  counter_reg[8]/G
    SLICE_X1Y49          LDCE (EnToQ_ldce_G_Q)        0.559     0.559 r  counter_reg[8]/Q
                         net (fo=2, routed)           1.081     1.640    counter[8]
    SLICE_X4Y50          LUT4 (Prop_lut4_I3_O)        0.124     1.764 r  clk_1hz_reg_i_7/O
                         net (fo=1, routed)           0.597     2.361    clk_1hz_reg_i_7_n_1
    SLICE_X3Y49          LUT5 (Prop_lut5_I4_O)        0.124     2.485 r  clk_1hz_reg_i_4/O
                         net (fo=34, routed)          2.039     4.524    clk_1hz_reg_i_4_n_1
    SLICE_X3Y55          LUT5 (Prop_lut5_I2_O)        0.124     4.648 r  counter_reg[25]_i_1/O
                         net (fo=1, routed)           0.379     5.027    counter__0[25]
    SLICE_X3Y55          LDCE                                         r  counter_reg[25]/D
  -------------------------------------------------------------------    -------------------

Slack:                    inf
  Source:                 counter_reg[8]/G
                            (positive level-sensitive latch)
  Destination:            counter_reg[18]/D
  Path Group:             (none)
  Path Type:              Max at Slow Process Corner
  Data Path Delay:        4.936ns  (logic 0.931ns (18.860%)  route 4.005ns (81.140%))
  Logic Levels:           4  (LDCE=1 LUT4=1 LUT5=2)

    Location             Delay type                Incr(ns)  Path(ns)    Netlist Resource(s)
  -------------------------------------------------------------------    -------------------
    SLICE_X1Y49          LDCE                         0.000     0.000 r  counter_reg[8]/G
    SLICE_X1Y49          LDCE (EnToQ_ldce_G_Q)        0.559     0.559 r  counter_reg[8]/Q
                         net (fo=2, routed)           1.081     1.640    counter[8]
    SLICE_X4Y50          LUT4 (Prop_lut4_I3_O)        0.124     1.764 r  clk_1hz_reg_i_7/O
                         net (fo=1, routed)           0.597     2.361    clk_1hz_reg_i_7_n_1
    SLICE_X3Y49          LUT5 (Prop_lut5_I4_O)        0.124     2.485 r  clk_1hz_reg_i_4/O
                         net (fo=34, routed)          1.672     4.157    clk_1hz_reg_i_4_n_1
    SLICE_X1Y53          LUT5 (Prop_lut5_I2_O)        0.124     4.281 r  counter_reg[18]_i_1/O
                         net (fo=1, routed)           0.655     4.936    counter__0[18]
    SLICE_X2Y53          LDCE                                         r  counter_reg[18]/D
  -------------------------------------------------------------------    -------------------

Slack:                    inf
  Source:                 counter_reg[8]/G
                            (positive level-sensitive latch)
  Destination:            counter_reg[27]/D
  Path Group:             (none)
  Path Type:              Max at Slow Process Corner
  Data Path Delay:        4.855ns  (logic 0.931ns (19.177%)  route 3.924ns (80.823%))
  Logic Levels:           4  (LDCE=1 LUT4=1 LUT5=2)

    Location             Delay type                Incr(ns)  Path(ns)    Netlist Resource(s)
  -------------------------------------------------------------------    -------------------
    SLICE_X1Y49          LDCE                         0.000     0.000 r  counter_reg[8]/G
    SLICE_X1Y49          LDCE (EnToQ_ldce_G_Q)        0.559     0.559 r  counter_reg[8]/Q
                         net (fo=2, routed)           1.081     1.640    counter[8]
    SLICE_X4Y50          LUT4 (Prop_lut4_I3_O)        0.124     1.764 r  clk_1hz_reg_i_7/O
                         net (fo=1, routed)           0.597     2.361    clk_1hz_reg_i_7_n_1
    SLICE_X3Y49          LUT5 (Prop_lut5_I4_O)        0.124     2.485 r  clk_1hz_reg_i_4/O
                         net (fo=34, routed)          1.867     4.352    clk_1hz_reg_i_4_n_1
    SLICE_X3Y55          LUT5 (Prop_lut5_I2_O)        0.124     4.476 r  counter_reg[27]_i_1/O
                         net (fo=1, routed)           0.379     4.855    counter__0[27]
    SLICE_X3Y55          LDCE                                         r  counter_reg[27]/D
  -------------------------------------------------------------------    -------------------

Slack:                    inf
  Source:                 counter_reg[8]/G
                            (positive level-sensitive latch)
  Destination:            counter_reg[16]/D
  Path Group:             (none)
  Path Type:              Max at Slow Process Corner
  Data Path Delay:        4.797ns  (logic 0.931ns (19.407%)  route 3.866ns (80.593%))
  Logic Levels:           4  (LDCE=1 LUT4=1 LUT5=2)

    Location             Delay type                Incr(ns)  Path(ns)    Netlist Resource(s)
  -------------------------------------------------------------------    -------------------
    SLICE_X1Y49          LDCE                         0.000     0.000 r  counter_reg[8]/G
    SLICE_X1Y49          LDCE (EnToQ_ldce_G_Q)        0.559     0.559 r  counter_reg[8]/Q
                         net (fo=2, routed)           1.081     1.640    counter[8]
    SLICE_X4Y50          LUT4 (Prop_lut4_I3_O)        0.124     1.764 r  clk_1hz_reg_i_7/O
                         net (fo=1, routed)           0.597     2.361    clk_1hz_reg_i_7_n_1
    SLICE_X3Y49          LUT5 (Prop_lut5_I4_O)        0.124     2.485 r  clk_1hz_reg_i_4/O
                         net (fo=34, routed)          1.535     4.020    clk_1hz_reg_i_4_n_1
    SLICE_X1Y52          LUT5 (Prop_lut5_I2_O)        0.124     4.144 r  counter_reg[16]_i_1/O
                         net (fo=1, routed)           0.653     4.797    counter__0[16]
    SLICE_X2Y52          LDCE                                         r  counter_reg[16]/D
  -------------------------------------------------------------------    -------------------

Slack:                    inf
  Source:                 counter_reg[8]/G
                            (positive level-sensitive latch)
  Destination:            counter_reg[30]/D
  Path Group:             (none)
  Path Type:              Max at Slow Process Corner
  Data Path Delay:        4.790ns  (logic 0.931ns (19.435%)  route 3.859ns (80.565%))
  Logic Levels:           4  (LDCE=1 LUT4=1 LUT5=2)

    Location             Delay type                Incr(ns)  Path(ns)    Netlist Resource(s)
  -------------------------------------------------------------------    -------------------
    SLICE_X1Y49          LDCE                         0.000     0.000 r  counter_reg[8]/G
    SLICE_X1Y49          LDCE (EnToQ_ldce_G_Q)        0.559     0.559 r  counter_reg[8]/Q
                         net (fo=2, routed)           1.081     1.640    counter[8]
    SLICE_X4Y50          LUT4 (Prop_lut4_I3_O)        0.124     1.764 r  clk_1hz_reg_i_7/O
                         net (fo=1, routed)           0.597     2.361    clk_1hz_reg_i_7_n_1
    SLICE_X3Y49          LUT5 (Prop_lut5_I4_O)        0.124     2.485 r  clk_1hz_reg_i_4/O
                         net (fo=34, routed)          1.802     4.287    clk_1hz_reg_i_4_n_1
    SLICE_X3Y56          LUT5 (Prop_lut5_I2_O)        0.124     4.411 r  counter_reg[30]_i_1/O
                         net (fo=1, routed)           0.379     4.790    counter__0[30]
    SLICE_X3Y56          LDCE                                         r  counter_reg[30]/D
  -------------------------------------------------------------------    -------------------

Slack:                    inf
  Source:                 counter_reg[8]/G
                            (positive level-sensitive latch)
  Destination:            counter_reg[31]/D
  Path Group:             (none)
  Path Type:              Max at Slow Process Corner
  Data Path Delay:        4.789ns  (logic 0.931ns (19.441%)  route 3.858ns (80.559%))
  Logic Levels:           4  (LDCE=1 LUT4=1 LUT5=2)

    Location             Delay type                Incr(ns)  Path(ns)    Netlist Resource(s)
  -------------------------------------------------------------------    -------------------
    SLICE_X1Y49          LDCE                         0.000     0.000 r  counter_reg[8]/G
    SLICE_X1Y49          LDCE (EnToQ_ldce_G_Q)        0.559     0.559 r  counter_reg[8]/Q
                         net (fo=2, routed)           1.081     1.640    counter[8]
    SLICE_X4Y50          LUT4 (Prop_lut4_I3_O)        0.124     1.764 r  clk_1hz_reg_i_7/O
                         net (fo=1, routed)           0.597     2.361    clk_1hz_reg_i_7_n_1
    SLICE_X3Y49          LUT5 (Prop_lut5_I4_O)        0.124     2.485 r  clk_1hz_reg_i_4/O
                         net (fo=34, routed)          1.801     4.286    clk_1hz_reg_i_4_n_1
    SLICE_X3Y56          LUT5 (Prop_lut5_I2_O)        0.124     4.410 r  counter_reg[31]_i_1/O
                         net (fo=1, routed)           0.379     4.789    counter__0[31]
    SLICE_X3Y56          LDCE                                         r  counter_reg[31]/D
  -------------------------------------------------------------------    -------------------





Min Delay Paths
--------------------------------------------------------------------------------------
Slack:                    inf
  Source:                 counter_reg[0]/G
                            (positive level-sensitive latch)
  Destination:            counter_reg[20]/D
  Path Group:             (none)
  Path Type:              Min at Fast Process Corner
  Data Path Delay:        0.365ns  (logic 0.203ns (55.678%)  route 0.162ns (44.322%))
  Logic Levels:           2  (LDCE=1 LUT5=1)

    Location             Delay type                Incr(ns)  Path(ns)    Netlist Resource(s)
  -------------------------------------------------------------------    -------------------
    SLICE_X1Y53          LDCE                         0.000     0.000 r  counter_reg[0]/G
    SLICE_X1Y53          LDCE (EnToQ_ldce_G_Q)        0.158     0.158 r  counter_reg[0]/Q
                         net (fo=35, routed)          0.162     0.320    counter[0]
    SLICE_X3Y53          LUT5 (Prop_lut5_I0_O)        0.045     0.365 r  counter_reg[20]_i_1/O
                         net (fo=1, routed)           0.000     0.365    counter__0[20]
    SLICE_X3Y53          LDCE                                         r  counter_reg[20]/D
  -------------------------------------------------------------------    -------------------

Slack:                    inf
  Source:                 clk_1hz_reg/G
                            (positive level-sensitive latch)
  Destination:            clk_1hz_reg/D
  Path Group:             (none)
  Path Type:              Min at Fast Process Corner
  Data Path Delay:        0.450ns  (logic 0.265ns (58.916%)  route 0.185ns (41.084%))
  Logic Levels:           2  (LDCE=1 LUT1=1)

    Location             Delay type                Incr(ns)  Path(ns)    Netlist Resource(s)
  -------------------------------------------------------------------    -------------------
    SLICE_X0Y49          LDCE                         0.000     0.000 r  clk_1hz_reg/G
    SLICE_X0Y49          LDCE (EnToQ_ldce_G_Q)        0.220     0.220 f  clk_1hz_reg/Q
                         net (fo=2, routed)           0.185     0.405    LED_OBUF
    SLICE_X0Y49          LUT1 (Prop_lut1_I0_O)        0.045     0.450 r  clk_1hz_reg_i_1/O
                         net (fo=1, routed)           0.000     0.450    clk_1hz_reg_i_1_n_1
    SLICE_X0Y49          LDCE                                         r  clk_1hz_reg/D
  -------------------------------------------------------------------    -------------------

Slack:                    inf
  Source:                 counter_reg[0]/G
                            (positive level-sensitive latch)
  Destination:            counter_reg[19]/D
  Path Group:             (none)
  Path Type:              Min at Fast Process Corner
  Data Path Delay:        0.451ns  (logic 0.203ns (45.052%)  route 0.248ns (54.948%))
  Logic Levels:           2  (LDCE=1 LUT5=1)

    Location             Delay type                Incr(ns)  Path(ns)    Netlist Resource(s)
  -------------------------------------------------------------------    -------------------
    SLICE_X1Y53          LDCE                         0.000     0.000 r  counter_reg[0]/G
    SLICE_X1Y53          LDCE (EnToQ_ldce_G_Q)        0.158     0.158 r  counter_reg[0]/Q
                         net (fo=35, routed)          0.248     0.406    counter[0]
    SLICE_X3Y53          LUT5 (Prop_lut5_I0_O)        0.045     0.451 r  counter_reg[19]_i_1/O
                         net (fo=1, routed)           0.000     0.451    counter__0[19]
    SLICE_X3Y53          LDCE                                         r  counter_reg[19]/D
  -------------------------------------------------------------------    -------------------

Slack:                    inf
  Source:                 counter_reg[0]/G
                            (positive level-sensitive latch)
  Destination:            counter_reg[23]/D
  Path Group:             (none)
  Path Type:              Min at Fast Process Corner
  Data Path Delay:        0.457ns  (logic 0.203ns (44.457%)  route 0.254ns (55.543%))
  Logic Levels:           2  (LDCE=1 LUT5=1)

    Location             Delay type                Incr(ns)  Path(ns)    Netlist Resource(s)
  -------------------------------------------------------------------    -------------------
    SLICE_X1Y53          LDCE                         0.000     0.000 r  counter_reg[0]/G
    SLICE_X1Y53          LDCE (EnToQ_ldce_G_Q)        0.158     0.158 r  counter_reg[0]/Q
                         net (fo=35, routed)          0.254     0.412    counter[0]
    SLICE_X3Y54          LUT5 (Prop_lut5_I0_O)        0.045     0.457 r  counter_reg[23]_i_1/O
                         net (fo=1, routed)           0.000     0.457    counter__0[23]
    SLICE_X3Y54          LDCE                                         r  counter_reg[23]/D
  -------------------------------------------------------------------    -------------------

Slack:                    inf
  Source:                 counter_reg[0]/G
                            (positive level-sensitive latch)
  Destination:            counter_reg[24]/D
  Path Group:             (none)
  Path Type:              Min at Fast Process Corner
  Data Path Delay:        0.460ns  (logic 0.203ns (44.167%)  route 0.257ns (55.833%))
  Logic Levels:           2  (LDCE=1 LUT5=1)

    Location             Delay type                Incr(ns)  Path(ns)    Netlist Resource(s)
  -------------------------------------------------------------------    -------------------
    SLICE_X1Y53          LDCE                         0.000     0.000 r  counter_reg[0]/G
    SLICE_X1Y53          LDCE (EnToQ_ldce_G_Q)        0.158     0.158 r  counter_reg[0]/Q
                         net (fo=35, routed)          0.257     0.415    counter[0]
    SLICE_X3Y54          LUT5 (Prop_lut5_I0_O)        0.045     0.460 r  counter_reg[24]_i_1/O
                         net (fo=1, routed)           0.000     0.460    counter__0[24]
    SLICE_X3Y54          LDCE                                         r  counter_reg[24]/D
  -------------------------------------------------------------------    -------------------

Slack:                    inf
  Source:                 counter_reg[0]/G
                            (positive level-sensitive latch)
  Destination:            counter_reg[17]/D
  Path Group:             (none)
  Path Type:              Min at Fast Process Corner
  Data Path Delay:        0.506ns  (logic 0.203ns (40.157%)  route 0.303ns (59.843%))
  Logic Levels:           2  (LDCE=1 LUT5=1)

    Location             Delay type                Incr(ns)  Path(ns)    Netlist Resource(s)
  -------------------------------------------------------------------    -------------------
    SLICE_X1Y53          LDCE                         0.000     0.000 r  counter_reg[0]/G
    SLICE_X1Y53          LDCE (EnToQ_ldce_G_Q)        0.158     0.158 r  counter_reg[0]/Q
                         net (fo=35, routed)          0.303     0.461    counter[0]
    SLICE_X3Y53          LUT5 (Prop_lut5_I0_O)        0.045     0.506 r  counter_reg[17]_i_1/O
                         net (fo=1, routed)           0.000     0.506    counter__0[17]
    SLICE_X3Y53          LDCE                                         r  counter_reg[17]/D
  -------------------------------------------------------------------    -------------------

Slack:                    inf
  Source:                 counter_reg[0]/G
                            (positive level-sensitive latch)
  Destination:            counter_reg[0]/D
  Path Group:             (none)
  Path Type:              Min at Fast Process Corner
  Data Path Delay:        0.526ns  (logic 0.203ns (38.617%)  route 0.323ns (61.383%))
  Logic Levels:           2  (LDCE=1 LUT4=1)

    Location             Delay type                Incr(ns)  Path(ns)    Netlist Resource(s)
  -------------------------------------------------------------------    -------------------
    SLICE_X1Y53          LDCE                         0.000     0.000 r  counter_reg[0]/G
    SLICE_X1Y53          LDCE (EnToQ_ldce_G_Q)        0.158     0.158 f  counter_reg[0]/Q
                         net (fo=35, routed)          0.323     0.481    counter[0]
    SLICE_X1Y53          LUT4 (Prop_lut4_I3_O)        0.045     0.526 r  counter_reg[0]_i_1/O
                         net (fo=1, routed)           0.000     0.526    counter__0[0]
    SLICE_X1Y53          LDCE                                         r  counter_reg[0]/D
  -------------------------------------------------------------------    -------------------

Slack:                    inf
  Source:                 counter_reg[0]/G
                            (positive level-sensitive latch)
  Destination:            counter_reg[9]/D
  Path Group:             (none)
  Path Type:              Min at Fast Process Corner
  Data Path Delay:        0.554ns  (logic 0.203ns (36.611%)  route 0.351ns (63.389%))
  Logic Levels:           2  (LDCE=1 LUT5=1)

    Location             Delay type                Incr(ns)  Path(ns)    Netlist Resource(s)
  -------------------------------------------------------------------    -------------------
    SLICE_X1Y53          LDCE                         0.000     0.000 r  counter_reg[0]/G
    SLICE_X1Y53          LDCE (EnToQ_ldce_G_Q)        0.158     0.158 r  counter_reg[0]/Q
                         net (fo=35, routed)          0.351     0.509    counter[0]
    SLICE_X3Y51          LUT5 (Prop_lut5_I0_O)        0.045     0.554 r  counter_reg[9]_i_1/O
                         net (fo=1, routed)           0.000     0.554    counter__0[9]
    SLICE_X3Y51          LDCE                                         r  counter_reg[9]/D
  -------------------------------------------------------------------    -------------------

Slack:                    inf
  Source:                 counter_reg[0]/G
                            (positive level-sensitive latch)
  Destination:            counter_reg[12]/D
  Path Group:             (none)
  Path Type:              Min at Fast Process Corner
  Data Path Delay:        0.555ns  (logic 0.203ns (36.545%)  route 0.352ns (63.455%))
  Logic Levels:           2  (LDCE=1 LUT5=1)

    Location             Delay type                Incr(ns)  Path(ns)    Netlist Resource(s)
  -------------------------------------------------------------------    -------------------
    SLICE_X1Y53          LDCE                         0.000     0.000 r  counter_reg[0]/G
    SLICE_X1Y53          LDCE (EnToQ_ldce_G_Q)        0.158     0.158 r  counter_reg[0]/Q
                         net (fo=35, routed)          0.352     0.510    counter[0]
    SLICE_X3Y51          LUT5 (Prop_lut5_I0_O)        0.045     0.555 r  counter_reg[12]_i_1/O
                         net (fo=1, routed)           0.000     0.555    counter__0[12]
    SLICE_X3Y51          LDCE                                         r  counter_reg[12]/D
  -------------------------------------------------------------------    -------------------

Slack:                    inf
  Source:                 counter_reg[0]/G
                            (positive level-sensitive latch)
  Destination:            counter_reg[13]/D
  Path Group:             (none)
  Path Type:              Min at Fast Process Corner
  Data Path Delay:        0.556ns  (logic 0.203ns (36.541%)  route 0.353ns (63.459%))
  Logic Levels:           2  (LDCE=1 LUT5=1)

    Location             Delay type                Incr(ns)  Path(ns)    Netlist Resource(s)
  -------------------------------------------------------------------    -------------------
    SLICE_X1Y53          LDCE                         0.000     0.000 r  counter_reg[0]/G
    SLICE_X1Y53          LDCE (EnToQ_ldce_G_Q)        0.158     0.158 r  counter_reg[0]/Q
                         net (fo=35, routed)          0.237     0.395    counter[0]
    SLICE_X3Y52          LUT5 (Prop_lut5_I0_O)        0.045     0.440 r  counter_reg[13]_i_1/O
                         net (fo=1, routed)           0.116     0.556    counter__0[13]
    SLICE_X3Y52          LDCE                                         r  counter_reg[13]/D
  -------------------------------------------------------------------    -------------------





