Copyright 1986-2022 Xilinx, Inc. All Rights Reserved. Copyright 2022-2025 Advanced Micro Devices, Inc. All Rights Reserved.
-----------------------------------------------------------------------------------------------------------------------------------------------------------------
| Tool Version : Vivado v.2025.2 (win64) Build 6299465 Fri Nov 14 19:35:11 GMT 2025
| Date         : Sat May 30 14:30:00 2026
| Host         : DESKTOP-3778IF0 running 64-bit major release  (build 9200)
| Command      : report_methodology -file Blink_LED_methodology_drc_routed.rpt -pb Blink_LED_methodology_drc_routed.pb -rpx Blink_LED_methodology_drc_routed.rpx
| Design       : Blink_LED
| Device       : xc7a100tcsg324-1
| Speed File   : -1
| Design State : Fully Routed
-----------------------------------------------------------------------------------------------------------------------------------------------------------------

Report Methodology

Table of Contents
-----------------
1. REPORT SUMMARY
2. REPORT DETAILS

1. REPORT SUMMARY
-----------------
            Netlist: netlist
          Floorplan: design_1
      Design limits: <entire design considered>
             Max checks: <unlimited>
             Checks found: 3
+-----------+----------+--------------------------------+--------+
| Rule      | Severity | Description                    | Checks |
+-----------+----------+--------------------------------+--------+
| LUTAR-1   | Warning  | LUT drives async reset alert   | 1      |
| TIMING-20 | Warning  | Non-clocked latch              | 1      |
| LATCH-1   | Advisory | Existing latches in the design | 1      |
+-----------+----------+--------------------------------+--------+

2. REPORT DETAILS
-----------------
LUTAR-1#1 Warning
LUT drives async reset alert  
LUT cell clk_1hz_reg_i_2, with 2 or more inputs, drives asynchronous preset/clear pin(s) counter_reg[1]/CLR, counter_reg[20]/CLR, counter_reg[21]/CLR,
counter_reg[22]/CLR, counter_reg[23]/CLR, counter_reg[24]/CLR,
counter_reg[25]/CLR, counter_reg[2]/CLR, counter_reg[3]/CLR,
counter_reg[4]/CLR, counter_reg[5]/CLR, counter_reg[6]/CLR,
counter_reg[7]/CLR, counter_reg[8]/CLR, counter_reg[9]/CLR
 (the first 15 of 26 listed). The LUT may glitch and trigger an unexpected reset, even if it is a properly timed path.
Related violations: <none>

TIMING-20#1 Warning
Non-clocked latch  
The latch clk_1hz_reg cannot be properly analyzed as its control pin clk_1hz_reg/G is not reached by a timing clock
Related violations: <none>

LATCH-1#1 Advisory
Existing latches in the design  
There are 1 latches found in the design. Inferred latches are often the result of HDL coding mistakes, such as incomplete if or case statements.
Related violations: <none>


