#-----------------------------------------------------------
# Vivado v2025.2 (64-bit)
# SW Build 6299465 on Fri Nov 14 19:35:11 GMT 2025
# IP Build 6300035 on Fri Nov 14 10:48:45 MST 2025
# SharedData Build 6298862 on Thu Nov 13 04:50:51 MST 2025
# Start of session at: Thu May 28 15:42:43 2026
# Process ID         : 17152
# Current directory  : C:/CM/VHDL_Study_Hall/1_Blink_LED/1_Blink_LED.runs/impl_1
# Command line       : vivado.exe -log Blink_LED.vdi -applog -product Vivado -messageDb vivado.pb -mode batch -source Blink_LED.tcl -notrace
# Log file           : C:/CM/VHDL_Study_Hall/1_Blink_LED/1_Blink_LED.runs/impl_1/Blink_LED.vdi
# Journal file       : C:/CM/VHDL_Study_Hall/1_Blink_LED/1_Blink_LED.runs/impl_1\vivado.jou
# Running On         : DESKTOP-3778IF0
# Platform           : Windows Server 2016 or Windows 10
# Operating System   : 26200
# Processor Detail   : AMD Ryzen 7 7800X3D 8-Core Processor           
# CPU Frequency      : 4192 MHz
# CPU Physical cores : 8
# CPU Logical cores  : 16
# Host memory        : 33443 MB
# Swap memory        : 2147 MB
# Total Virtual      : 35590 MB
# Available Virtual  : 15433 MB
#-----------------------------------------------------------
source Blink_LED.tcl -notrace
