Copyright 1986-2022 Xilinx, Inc. All Rights Reserved. Copyright 2022-2025 Advanced Micro Devices, Inc. All Rights Reserved.
-----------------------------------------------------------------------------------------------------------------------------------------------------------------------------------------
| Tool Version : Vivado v.2025.2 (win64) Build 6299465 Fri Nov 14 19:35:11 GMT 2025
| Date         : Sat May 30 15:05:22 2026
| Host         : DESKTOP-3778IF0 running 64-bit major release  (build 9200)
| Command      : report_methodology -file Nexys4DdrUserDemo_methodology_drc_routed.rpt -pb Nexys4DdrUserDemo_methodology_drc_routed.pb -rpx Nexys4DdrUserDemo_methodology_drc_routed.rpx
| Design       : Nexys4DdrUserDemo
| Device       : xc7a100tcsg324-1
| Speed File   : -1
| Design State : Fully Routed
-----------------------------------------------------------------------------------------------------------------------------------------------------------------------------------------

Report Methodology

Table of Contents
-----------------
1. REPORT SUMMARY
2. REPORT DETAILS

1. REPORT SUMMARY
-----------------
            Netlist: netlist
          Floorplan: design_1
      Design limits: <entire design considered>
             Max checks: <unlimited>
             Checks found: 47
+-----------+----------+-------------------------------------------------+--------+
| Rule      | Severity | Description                                     | Checks |
+-----------+----------+-------------------------------------------------+--------+
| HPDR-1    | Warning  | Port pin direction inconsistency                | 1      |
| LUTAR-1   | Warning  | LUT drives async reset alert                    | 2      |
| PDRC-190  | Warning  | Suboptimally placed synchronized register chain | 12     |
| SYNTH-6   | Warning  | Timing of a RAM block might be sub-optimal      | 1      |
| SYNTH-9   | Warning  | Small multiplier                                | 12     |
| TIMING-10 | Warning  | Missing property on synchronizer                | 1      |
| XDCB-5    | Warning  | Runtime inefficient way to find pin objects     | 2      |
| REQP-1959 | Advisory | connects_SERDES_RST_driver_not_FF               | 16     |
+-----------+----------+-------------------------------------------------+--------+

2. REPORT DETAILS
-----------------
HPDR-1#1 Warning
Port pin direction inconsistency  
Hierarchical port(pin) pwm_audio_o direction INOUT is not consistent with the directions of the cell pins/ports found at that level of the netlist hierarchy. Please review the design and consider changing the port(pin) direction. Both drivers and loads were expected for the net (pwm_audio_o) connected to this Port, but both were not found.
Related violations: <none>

LUTAR-1#1 Warning
LUT drives async reset alert  
LUT cell Inst_Audio/DDR/Inst_DDR/u_ddr_mig/u_iodelay_ctrl/rstdiv2_sync_r[11]_i_1, with 2 or more inputs, drives asynchronous preset/clear pin(s) Inst_Audio/DDR/Inst_DDR/u_ddr_mig/u_ddr2_infrastructure/rstdiv0_sync_r1_reg_rep__7/PRE,
Inst_Audio/DDR/Inst_DDR/u_ddr_mig/u_ddr2_infrastructure/rstdiv0_sync_r1_reg_rep__8/PRE,
Inst_Audio/DDR/Inst_DDR/u_ddr_mig/u_ddr2_infrastructure/rstdiv0_sync_r1_reg_rep__9/PRE,
Inst_Audio/DDR/Inst_DDR/u_ddr_mig/u_ddr2_infrastructure/rstdiv0_sync_r_reg[0]/PRE,
Inst_Audio/DDR/Inst_DDR/u_ddr_mig/u_ddr2_infrastructure/rstdiv0_sync_r_reg[10]/PRE,
Inst_Audio/DDR/Inst_DDR/u_ddr_mig/u_ddr2_infrastructure/rstdiv0_sync_r_reg[11]/PRE,
Inst_Audio/DDR/Inst_DDR/u_ddr_mig/u_ddr2_infrastructure/rstdiv0_sync_r_reg[1]/PRE,
Inst_Audio/DDR/Inst_DDR/u_ddr_mig/u_ddr2_infrastructure/rstdiv0_sync_r_reg[2]/PRE,
Inst_Audio/DDR/Inst_DDR/u_ddr_mig/u_ddr2_infrastructure/rstdiv0_sync_r_reg[3]/PRE,
Inst_Audio/DDR/Inst_DDR/u_ddr_mig/u_ddr2_infrastructure/rstdiv0_sync_r_reg[4]/PRE,
Inst_Audio/DDR/Inst_DDR/u_ddr_mig/u_ddr2_infrastructure/rstdiv0_sync_r_reg[5]/PRE,
Inst_Audio/DDR/Inst_DDR/u_ddr_mig/u_ddr2_infrastructure/rstdiv0_sync_r_reg[6]/PRE,
Inst_Audio/DDR/Inst_DDR/u_ddr_mig/u_ddr2_infrastructure/rstdiv0_sync_r_reg[7]/PRE,
Inst_Audio/DDR/Inst_DDR/u_ddr_mig/u_ddr2_infrastructure/rstdiv0_sync_r_reg[8]/PRE,
Inst_Audio/DDR/Inst_DDR/u_ddr_mig/u_ddr2_infrastructure/rstdiv0_sync_r_reg[9]/PRE
 (the first 15 of 27 listed). The LUT may glitch and trigger an unexpected reset, even if it is a properly timed path.
Related violations: <none>

LUTAR-1#2 Warning
LUT drives async reset alert  
LUT cell Inst_MouseCtl/Inst_Ps2Interface/sreg[0]_i_1, with 2 or more inputs, drives asynchronous preset/clear pin(s) Inst_MouseCtl/x_inc_reg[7]/CLR, Inst_MouseCtl/x_new_reg/CLR,
Inst_MouseCtl/x_overflow_reg/CLR, Inst_MouseCtl/x_sign_reg/CLR,
Inst_MouseCtl/y_inc_reg[0]/CLR, Inst_MouseCtl/y_inc_reg[1]/CLR,
Inst_MouseCtl/y_inc_reg[2]/CLR, Inst_MouseCtl/y_inc_reg[3]/CLR,
Inst_MouseCtl/y_inc_reg[4]/CLR, Inst_MouseCtl/y_inc_reg[5]/CLR,
Inst_MouseCtl/y_inc_reg[6]/CLR, Inst_MouseCtl/y_inc_reg[7]/CLR,
Inst_MouseCtl/y_new_reg/CLR, Inst_MouseCtl/y_overflow_reg/CLR,
Inst_MouseCtl/y_sign_reg/CLR (the first 15 of 83 listed). The LUT may glitch and trigger an unexpected reset, even if it is a properly timed path.
Related violations: <none>

PDRC-190#1 Warning
Suboptimally placed synchronized register chain  
The FDRE cell Inst_Audio/DDR/Inst_DDR/u_ddr_mig/temp_mon_enabled.u_tempmon/device_temp_sync_r5_reg[0] in site SLICE_X56Y88 is part of a synchronized register chain that is suboptimally placed as the load FDRE cell Inst_Audio/DDR/Inst_DDR/u_ddr_mig/temp_mon_enabled.u_tempmon/device_temp_r_reg[0] is not placed in the same (SLICE) site.
Related violations: <none>

PDRC-190#2 Warning
Suboptimally placed synchronized register chain  
The FDRE cell Inst_Audio/DDR/Inst_DDR/u_ddr_mig/temp_mon_enabled.u_tempmon/device_temp_sync_r5_reg[10] in site SLICE_X54Y87 is part of a synchronized register chain that is suboptimally placed as the load FDRE cell Inst_Audio/DDR/Inst_DDR/u_ddr_mig/temp_mon_enabled.u_tempmon/device_temp_r_reg[10] is not placed in the same (SLICE) site.
Related violations: <none>

PDRC-190#3 Warning
Suboptimally placed synchronized register chain  
The FDRE cell Inst_Audio/DDR/Inst_DDR/u_ddr_mig/temp_mon_enabled.u_tempmon/device_temp_sync_r5_reg[11] in site SLICE_X53Y88 is part of a synchronized register chain that is suboptimally placed as the load FDRE cell Inst_Audio/DDR/Inst_DDR/u_ddr_mig/temp_mon_enabled.u_tempmon/device_temp_r_reg[11] is not placed in the same (SLICE) site.
Related violations: <none>

PDRC-190#4 Warning
Suboptimally placed synchronized register chain  
The FDRE cell Inst_Audio/DDR/Inst_DDR/u_ddr_mig/temp_mon_enabled.u_tempmon/device_temp_sync_r5_reg[1] in site SLICE_X55Y89 is part of a synchronized register chain that is suboptimally placed as the load FDRE cell Inst_Audio/DDR/Inst_DDR/u_ddr_mig/temp_mon_enabled.u_tempmon/device_temp_r_reg[1] is not placed in the same (SLICE) site.
Related violations: <none>

PDRC-190#5 Warning
Suboptimally placed synchronized register chain  
The FDRE cell Inst_Audio/DDR/Inst_DDR/u_ddr_mig/temp_mon_enabled.u_tempmon/device_temp_sync_r5_reg[2] in site SLICE_X53Y86 is part of a synchronized register chain that is suboptimally placed as the load FDRE cell Inst_Audio/DDR/Inst_DDR/u_ddr_mig/temp_mon_enabled.u_tempmon/device_temp_r_reg[2] is not placed in the same (SLICE) site.
Related violations: <none>

PDRC-190#6 Warning
Suboptimally placed synchronized register chain  
The FDRE cell Inst_Audio/DDR/Inst_DDR/u_ddr_mig/temp_mon_enabled.u_tempmon/device_temp_sync_r5_reg[3] in site SLICE_X57Y86 is part of a synchronized register chain that is suboptimally placed as the load FDRE cell Inst_Audio/DDR/Inst_DDR/u_ddr_mig/temp_mon_enabled.u_tempmon/device_temp_r_reg[3] is not placed in the same (SLICE) site.
Related violations: <none>

PDRC-190#7 Warning
Suboptimally placed synchronized register chain  
The FDRE cell Inst_Audio/DDR/Inst_DDR/u_ddr_mig/temp_mon_enabled.u_tempmon/device_temp_sync_r5_reg[4] in site SLICE_X52Y87 is part of a synchronized register chain that is suboptimally placed as the load FDRE cell Inst_Audio/DDR/Inst_DDR/u_ddr_mig/temp_mon_enabled.u_tempmon/device_temp_r_reg[4] is not placed in the same (SLICE) site.
Related violations: <none>

PDRC-190#8 Warning
Suboptimally placed synchronized register chain  
The FDRE cell Inst_Audio/DDR/Inst_DDR/u_ddr_mig/temp_mon_enabled.u_tempmon/device_temp_sync_r5_reg[5] in site SLICE_X56Y86 is part of a synchronized register chain that is suboptimally placed as the load FDRE cell Inst_Audio/DDR/Inst_DDR/u_ddr_mig/temp_mon_enabled.u_tempmon/device_temp_r_reg[5] is not placed in the same (SLICE) site.
Related violations: <none>

PDRC-190#9 Warning
Suboptimally placed synchronized register chain  
The FDRE cell Inst_Audio/DDR/Inst_DDR/u_ddr_mig/temp_mon_enabled.u_tempmon/device_temp_sync_r5_reg[6] in site SLICE_X54Y89 is part of a synchronized register chain that is suboptimally placed as the load FDRE cell Inst_Audio/DDR/Inst_DDR/u_ddr_mig/temp_mon_enabled.u_tempmon/device_temp_r_reg[6] is not placed in the same (SLICE) site.
Related violations: <none>

PDRC-190#10 Warning
Suboptimally placed synchronized register chain  
The FDRE cell Inst_Audio/DDR/Inst_DDR/u_ddr_mig/temp_mon_enabled.u_tempmon/device_temp_sync_r5_reg[7] in site SLICE_X55Y84 is part of a synchronized register chain that is suboptimally placed as the load FDRE cell Inst_Audio/DDR/Inst_DDR/u_ddr_mig/temp_mon_enabled.u_tempmon/device_temp_r_reg[7] is not placed in the same (SLICE) site.
Related violations: <none>

PDRC-190#11 Warning
Suboptimally placed synchronized register chain  
The FDRE cell Inst_Audio/DDR/Inst_DDR/u_ddr_mig/temp_mon_enabled.u_tempmon/device_temp_sync_r5_reg[8] in site SLICE_X55Y87 is part of a synchronized register chain that is suboptimally placed as the load FDRE cell Inst_Audio/DDR/Inst_DDR/u_ddr_mig/temp_mon_enabled.u_tempmon/device_temp_r_reg[8] is not placed in the same (SLICE) site.
Related violations: <none>

PDRC-190#12 Warning
Suboptimally placed synchronized register chain  
The FDRE cell Inst_Audio/DDR/Inst_DDR/u_ddr_mig/temp_mon_enabled.u_tempmon/device_temp_sync_r5_reg[9] in site SLICE_X54Y85 is part of a synchronized register chain that is suboptimally placed as the load FDRE cell Inst_Audio/DDR/Inst_DDR/u_ddr_mig/temp_mon_enabled.u_tempmon/device_temp_r_reg[9] is not placed in the same (SLICE) site.
Related violations: <none>

SYNTH-6#1 Warning
Timing of a RAM block might be sub-optimal  
The timing for the instance Inst_VGA/Inst_MicDisplay/sample_buf_ram_reg, implemented as a RAM block, might be sub-optimal as no output register was merged into the block.
Related violations: <none>

SYNTH-9#1 Warning
Small multiplier  
Detected multiplier at Inst_Adt7420TempDisplay/TEMP_ACC.temp_scaled_reg[12]_i_1 of size 12x3, it is implemented as LUTs due to its small size. To force the multiplier onto a DSP block, use the USE_DSP48 attribute.
Related violations: <none>

SYNTH-9#2 Warning
Small multiplier  
Detected multiplier at Inst_Adt7420TempDisplay/TEMP_ACC.temp_scaled_reg[4]_i_1 of size 12x3, it is implemented as LUTs due to its small size. To force the multiplier onto a DSP block, use the USE_DSP48 attribute.
Related violations: <none>

SYNTH-9#3 Warning
Small multiplier  
Detected multiplier at Inst_Adt7420TempDisplay/TEMP_ACC.temp_scaled_reg[8]_i_1 of size 12x3, it is implemented as LUTs due to its small size. To force the multiplier onto a DSP block, use the USE_DSP48 attribute.
Related violations: <none>

SYNTH-9#4 Warning
Small multiplier  
Detected multiplier at Inst_Adxl362TempDisplay/TEMP_ACC.temp_scaled_reg[12]_i_1 of size 11x3, it is implemented as LUTs due to its small size. To force the multiplier onto a DSP block, use the USE_DSP48 attribute.
Related violations: <none>

SYNTH-9#5 Warning
Small multiplier  
Detected multiplier at Inst_Adxl362TempDisplay/TEMP_ACC.temp_scaled_reg[4]_i_1 of size 11x3, it is implemented as LUTs due to its small size. To force the multiplier onto a DSP block, use the USE_DSP48 attribute.
Related violations: <none>

SYNTH-9#6 Warning
Small multiplier  
Detected multiplier at Inst_Adxl362TempDisplay/TEMP_ACC.temp_scaled_reg[8]_i_1 of size 11x3, it is implemented as LUTs due to its small size. To force the multiplier onto a DSP block, use the USE_DSP48 attribute.
Related violations: <none>

SYNTH-9#7 Warning
Small multiplier  
Detected multiplier at Inst_VGA/Inst_Adt7420TempDisplay/TEMP_ACC.temp_scaled_reg[13]_i_1 of size 12x3, it is implemented as LUTs due to its small size. To force the multiplier onto a DSP block, use the USE_DSP48 attribute.
Related violations: <none>

SYNTH-9#8 Warning
Small multiplier  
Detected multiplier at Inst_VGA/Inst_Adxl362TempDisplay/TEMP_ACC.temp_scaled_reg[13]_i_1 of size 11x3, it is implemented as LUTs due to its small size. To force the multiplier onto a DSP block, use the USE_DSP48 attribute.
Related violations: <none>

SYNTH-9#9 Warning
Small multiplier  
Detected multiplier at Inst_VGA/Inst_XadcTempDisplay/XADC.temp_xad_px_scaled_reg[13]_i_1 of size 14x3, it is implemented as LUTs due to its small size. To force the multiplier onto a DSP block, use the USE_DSP48 attribute.
Related violations: <none>

SYNTH-9#10 Warning
Small multiplier  
Detected multiplier at Inst_XadcTempDisplay/XADC.temp_xad_px_scaled_reg[12]_i_1 of size 14x3, it is implemented as LUTs due to its small size. To force the multiplier onto a DSP block, use the USE_DSP48 attribute.
Related violations: <none>

SYNTH-9#11 Warning
Small multiplier  
Detected multiplier at Inst_XadcTempDisplay/XADC.temp_xad_px_scaled_reg[4]_i_1 of size 14x3, it is implemented as LUTs due to its small size. To force the multiplier onto a DSP block, use the USE_DSP48 attribute.
Related violations: <none>

SYNTH-9#12 Warning
Small multiplier  
Detected multiplier at Inst_XadcTempDisplay/XADC.temp_xad_px_scaled_reg[8]_i_1 of size 14x3, it is implemented as LUTs due to its small size. To force the multiplier onto a DSP block, use the USE_DSP48 attribute.
Related violations: <none>

TIMING-10#1 Warning
Missing property on synchronizer  
One or more logic synchronizer has been detected between 2 clock domains but the synchronizer does not have the property ASYNC_REG defined on one or both registers. It is recommended to run report_cdc for a complete and detailed CDC coverage
Related violations: <none>

XDCB-5#1 Warning
Runtime inefficient way to find pin objects  
The option '-through : [get_pins -filter {NAME =~ *SyncAsync*/oSyncStages_reg[*]/D} -hier]' of constraint 'set_false_path' uses inefficient query to find pin objects (see constraint position '12' in the Timing Constraint window in Vivado IDE). To reduce runtime, it is recommended to get the pins through the cell objects. Please refer to Using Constraints Guide (Constraints Efficiency). An example of optimal query is: get_pins -filter {REF_PIN_NAME=~yy*} -of_objects [get_cells -hierarchical xx*].
Current XDC: C:/CM/VHDL_Study_Hall/Demo_OutOfBoxHardwareShowcase/hw.srcs/constrs_1/imports/constraints/Nexys-A7-100T-Master.xdc (Line: 262)
Related violations: <none>

XDCB-5#2 Warning
Runtime inefficient way to find pin objects  
The option '-to : [get_pins -hier -include_replicated_objects -filter {NAME =~ *temp_mon_enabled.u_tempmon/device_temp_sync_r1_reg[*]/D}]' of constraint 'set_max_delay' uses inefficient query to find pin objects (see constraint position '6' in the Timing Constraint window in Vivado IDE). To reduce runtime, it is recommended to get the pins through the cell objects. Please refer to Using Constraints Guide (Constraints Efficiency). An example of optimal query is: get_pins -filter {REF_PIN_NAME=~yy*} -of_objects [get_cells -hierarchical xx*].
Current XDC: c:/CM/VHDL_Study_Hall/Demo_OutOfBoxHardwareShowcase/hw.gen/sources_1/ip/ddr/ddr/user_design/constraints/ddr.xdc (Line: 344)
Related violations: <none>

REQP-1959#1 Advisory
connects_SERDES_RST_driver_not_FF  
Inst_Audio/DDR/Inst_DDR/u_ddr_mig/u_memc_ui_top_std/mem_intfc0/ddr_phy_top0/u_ddr_mc_phy_wrapper/u_ddr_mc_phy/ddr_phy_4lanes_0.u_ddr_phy_4lanes/ddr_byte_lane_A.ddr_byte_lane_A/ddr_byte_group_io/input_[1].iserdes_dq_.iserdesdq: The RST pin should only be driven by a Flip-flop.
Related violations: <none>

REQP-1959#2 Advisory
connects_SERDES_RST_driver_not_FF  
Inst_Audio/DDR/Inst_DDR/u_ddr_mig/u_memc_ui_top_std/mem_intfc0/ddr_phy_top0/u_ddr_mc_phy_wrapper/u_ddr_mc_phy/ddr_phy_4lanes_0.u_ddr_phy_4lanes/ddr_byte_lane_A.ddr_byte_lane_A/ddr_byte_group_io/input_[3].iserdes_dq_.iserdesdq: The RST pin should only be driven by a Flip-flop.
Related violations: <none>

REQP-1959#3 Advisory
connects_SERDES_RST_driver_not_FF  
Inst_Audio/DDR/Inst_DDR/u_ddr_mig/u_memc_ui_top_std/mem_intfc0/ddr_phy_top0/u_ddr_mc_phy_wrapper/u_ddr_mc_phy/ddr_phy_4lanes_0.u_ddr_phy_4lanes/ddr_byte_lane_A.ddr_byte_lane_A/ddr_byte_group_io/input_[4].iserdes_dq_.iserdesdq: The RST pin should only be driven by a Flip-flop.
Related violations: <none>

REQP-1959#4 Advisory
connects_SERDES_RST_driver_not_FF  
Inst_Audio/DDR/Inst_DDR/u_ddr_mig/u_memc_ui_top_std/mem_intfc0/ddr_phy_top0/u_ddr_mc_phy_wrapper/u_ddr_mc_phy/ddr_phy_4lanes_0.u_ddr_phy_4lanes/ddr_byte_lane_A.ddr_byte_lane_A/ddr_byte_group_io/input_[5].iserdes_dq_.iserdesdq: The RST pin should only be driven by a Flip-flop.
Related violations: <none>

REQP-1959#5 Advisory
connects_SERDES_RST_driver_not_FF  
Inst_Audio/DDR/Inst_DDR/u_ddr_mig/u_memc_ui_top_std/mem_intfc0/ddr_phy_top0/u_ddr_mc_phy_wrapper/u_ddr_mc_phy/ddr_phy_4lanes_0.u_ddr_phy_4lanes/ddr_byte_lane_A.ddr_byte_lane_A/ddr_byte_group_io/input_[6].iserdes_dq_.iserdesdq: The RST pin should only be driven by a Flip-flop.
Related violations: <none>

REQP-1959#6 Advisory
connects_SERDES_RST_driver_not_FF  
Inst_Audio/DDR/Inst_DDR/u_ddr_mig/u_memc_ui_top_std/mem_intfc0/ddr_phy_top0/u_ddr_mc_phy_wrapper/u_ddr_mc_phy/ddr_phy_4lanes_0.u_ddr_phy_4lanes/ddr_byte_lane_A.ddr_byte_lane_A/ddr_byte_group_io/input_[7].iserdes_dq_.iserdesdq: The RST pin should only be driven by a Flip-flop.
Related violations: <none>

REQP-1959#7 Advisory
connects_SERDES_RST_driver_not_FF  
Inst_Audio/DDR/Inst_DDR/u_ddr_mig/u_memc_ui_top_std/mem_intfc0/ddr_phy_top0/u_ddr_mc_phy_wrapper/u_ddr_mc_phy/ddr_phy_4lanes_0.u_ddr_phy_4lanes/ddr_byte_lane_A.ddr_byte_lane_A/ddr_byte_group_io/input_[8].iserdes_dq_.iserdesdq: The RST pin should only be driven by a Flip-flop.
Related violations: <none>

REQP-1959#8 Advisory
connects_SERDES_RST_driver_not_FF  
Inst_Audio/DDR/Inst_DDR/u_ddr_mig/u_memc_ui_top_std/mem_intfc0/ddr_phy_top0/u_ddr_mc_phy_wrapper/u_ddr_mc_phy/ddr_phy_4lanes_0.u_ddr_phy_4lanes/ddr_byte_lane_A.ddr_byte_lane_A/ddr_byte_group_io/input_[9].iserdes_dq_.iserdesdq: The RST pin should only be driven by a Flip-flop.
Related violations: <none>

REQP-1959#9 Advisory
connects_SERDES_RST_driver_not_FF  
Inst_Audio/DDR/Inst_DDR/u_ddr_mig/u_memc_ui_top_std/mem_intfc0/ddr_phy_top0/u_ddr_mc_phy_wrapper/u_ddr_mc_phy/ddr_phy_4lanes_0.u_ddr_phy_4lanes/ddr_byte_lane_C.ddr_byte_lane_C/ddr_byte_group_io/input_[0].iserdes_dq_.iserdesdq: The RST pin should only be driven by a Flip-flop.
Related violations: <none>

REQP-1959#10 Advisory
connects_SERDES_RST_driver_not_FF  
Inst_Audio/DDR/Inst_DDR/u_ddr_mig/u_memc_ui_top_std/mem_intfc0/ddr_phy_top0/u_ddr_mc_phy_wrapper/u_ddr_mc_phy/ddr_phy_4lanes_0.u_ddr_phy_4lanes/ddr_byte_lane_C.ddr_byte_lane_C/ddr_byte_group_io/input_[1].iserdes_dq_.iserdesdq: The RST pin should only be driven by a Flip-flop.
Related violations: <none>

REQP-1959#11 Advisory
connects_SERDES_RST_driver_not_FF  
Inst_Audio/DDR/Inst_DDR/u_ddr_mig/u_memc_ui_top_std/mem_intfc0/ddr_phy_top0/u_ddr_mc_phy_wrapper/u_ddr_mc_phy/ddr_phy_4lanes_0.u_ddr_phy_4lanes/ddr_byte_lane_C.ddr_byte_lane_C/ddr_byte_group_io/input_[2].iserdes_dq_.iserdesdq: The RST pin should only be driven by a Flip-flop.
Related violations: <none>

REQP-1959#12 Advisory
connects_SERDES_RST_driver_not_FF  
Inst_Audio/DDR/Inst_DDR/u_ddr_mig/u_memc_ui_top_std/mem_intfc0/ddr_phy_top0/u_ddr_mc_phy_wrapper/u_ddr_mc_phy/ddr_phy_4lanes_0.u_ddr_phy_4lanes/ddr_byte_lane_C.ddr_byte_lane_C/ddr_byte_group_io/input_[4].iserdes_dq_.iserdesdq: The RST pin should only be driven by a Flip-flop.
Related violations: <none>

REQP-1959#13 Advisory
connects_SERDES_RST_driver_not_FF  
Inst_Audio/DDR/Inst_DDR/u_ddr_mig/u_memc_ui_top_std/mem_intfc0/ddr_phy_top0/u_ddr_mc_phy_wrapper/u_ddr_mc_phy/ddr_phy_4lanes_0.u_ddr_phy_4lanes/ddr_byte_lane_C.ddr_byte_lane_C/ddr_byte_group_io/input_[5].iserdes_dq_.iserdesdq: The RST pin should only be driven by a Flip-flop.
Related violations: <none>

REQP-1959#14 Advisory
connects_SERDES_RST_driver_not_FF  
Inst_Audio/DDR/Inst_DDR/u_ddr_mig/u_memc_ui_top_std/mem_intfc0/ddr_phy_top0/u_ddr_mc_phy_wrapper/u_ddr_mc_phy/ddr_phy_4lanes_0.u_ddr_phy_4lanes/ddr_byte_lane_C.ddr_byte_lane_C/ddr_byte_group_io/input_[6].iserdes_dq_.iserdesdq: The RST pin should only be driven by a Flip-flop.
Related violations: <none>

REQP-1959#15 Advisory
connects_SERDES_RST_driver_not_FF  
Inst_Audio/DDR/Inst_DDR/u_ddr_mig/u_memc_ui_top_std/mem_intfc0/ddr_phy_top0/u_ddr_mc_phy_wrapper/u_ddr_mc_phy/ddr_phy_4lanes_0.u_ddr_phy_4lanes/ddr_byte_lane_C.ddr_byte_lane_C/ddr_byte_group_io/input_[7].iserdes_dq_.iserdesdq: The RST pin should only be driven by a Flip-flop.
Related violations: <none>

REQP-1959#16 Advisory
connects_SERDES_RST_driver_not_FF  
Inst_Audio/DDR/Inst_DDR/u_ddr_mig/u_memc_ui_top_std/mem_intfc0/ddr_phy_top0/u_ddr_mc_phy_wrapper/u_ddr_mc_phy/ddr_phy_4lanes_0.u_ddr_phy_4lanes/ddr_byte_lane_C.ddr_byte_lane_C/ddr_byte_group_io/input_[8].iserdes_dq_.iserdesdq: The RST pin should only be driven by a Flip-flop.
Related violations: <none>


