Copyright 1986-2022 Xilinx, Inc. All Rights Reserved. Copyright 2022-2025 Advanced Micro Devices, Inc. All Rights Reserved.
-------------------------------------------------------------------------------------------------------------------------------------------------------------------------
| Tool Version     : Vivado v.2025.2 (win64) Build 6299465 Fri Nov 14 19:35:11 GMT 2025
| Date             : Sat May 30 15:05:26 2026
| Host             : DESKTOP-3778IF0 running 64-bit major release  (build 9200)
| Command          : report_power -file Nexys4DdrUserDemo_power_routed.rpt -pb Nexys4DdrUserDemo_power_summary_routed.pb -rpx Nexys4DdrUserDemo_power_routed.rpx
| Design           : Nexys4DdrUserDemo
| Device           : xc7a100tcsg324-1
| Design State     : routed
| Grade            : commercial
| Process          : typical
| Characterization : Production
-------------------------------------------------------------------------------------------------------------------------------------------------------------------------

Power Report

Table of Contents
-----------------
1. Summary
1.1 On-Chip Components
1.2 Power Supply Summary
1.3 Confidence Level
2. Settings
2.1 Environment
2.2 Clock Constraints
3. Detailed Reports
3.1 By Hierarchy

1. Summary
----------

+--------------------------+--------------+
| Total On-Chip Power (W)  | 1.183        |
| Design Power Budget (W)  | Unspecified* |
| Power Budget Margin (W)  | NA           |
| Dynamic (W)              | 1.074        |
| Device Static (W)        | 0.110        |
| Effective TJA (C/W)      | 4.6          |
| Max Ambient (C)          | 79.6         |
| Junction Temperature (C) | 30.4         |
| Confidence Level         | Low          |
| Setting File             | ---          |
| Simulation Activity File | ---          |
| Design Nets Matched      | NA           |
+--------------------------+--------------+
* Specify Design Power Budget using, set_operating_conditions -design_power_budget <value in Watts>


1.1 On-Chip Components
----------------------

+--------------------------+-----------+----------+-----------+-----------------+
| On-Chip                  | Power (W) | Used     | Available | Utilization (%) |
+--------------------------+-----------+----------+-----------+-----------------+
| Clocks                   |     0.030 |       24 |       --- |             --- |
| Slice Logic              |     0.012 |    17157 |       --- |             --- |
|   LUT as Logic           |     0.010 |     7962 |     63400 |           12.56 |
|   CARRY4                 |    <0.001 |      575 |     15850 |            3.63 |
|   Register               |    <0.001 |     5402 |    126800 |            4.26 |
|   LUT as Distributed RAM |    <0.001 |      352 |     19000 |            1.85 |
|   F7/F8 Muxes            |    <0.001 |      365 |     63400 |            0.58 |
|   LUT as Shift Register  |    <0.001 |       44 |     19000 |            0.23 |
|   Others                 |     0.000 |      417 |       --- |             --- |
| Signals                  |     0.013 |    13023 |       --- |             --- |
| Block RAM                |     0.007 |     32.5 |       135 |           24.07 |
| MMCM                     |     0.112 |        1 |         6 |           16.67 |
| PLL                      |     0.240 |        2 |         6 |           33.33 |
| DSPs                     |     0.001 |        4 |       240 |            1.67 |
| I/O                      |     0.554 |      134 |       210 |           63.81 |
| PHASER                   |     0.102 |       14 |       --- |             --- |
| XADC                     |     0.002 |        1 |       --- |             --- |
| Static Power             |     0.110 |          |           |                 |
| Total                    |     1.183 |          |           |                 |
+--------------------------+-----------+----------+-----------+-----------------+


1.2 Power Supply Summary
------------------------

+-----------+-------------+-----------+-------------+------------+-------------+-------------+------------+
| Source    | Voltage (V) | Total (A) | Dynamic (A) | Static (A) | Powerup (A) | Budget (A)  | Margin (A) |
+-----------+-------------+-----------+-------------+------------+-------------+-------------+------------+
| Vccint    |       1.000 |     0.128 |       0.109 |      0.019 |       NA    | Unspecified | NA         |
| Vccaux    |       1.800 |     0.302 |       0.284 |      0.018 |       NA    | Unspecified | NA         |
| Vcco33    |       3.300 |     0.011 |       0.007 |      0.004 |       NA    | Unspecified | NA         |
| Vcco25    |       2.500 |     0.000 |       0.000 |      0.000 |       NA    | Unspecified | NA         |
| Vcco18    |       1.800 |     0.242 |       0.238 |      0.004 |       NA    | Unspecified | NA         |
| Vcco15    |       1.500 |     0.000 |       0.000 |      0.000 |       NA    | Unspecified | NA         |
| Vcco135   |       1.350 |     0.000 |       0.000 |      0.000 |       NA    | Unspecified | NA         |
| Vcco12    |       1.200 |     0.000 |       0.000 |      0.000 |       NA    | Unspecified | NA         |
| Vccaux_io |       1.800 |     0.000 |       0.000 |      0.000 |       NA    | Unspecified | NA         |
| Vccbram   |       1.000 |     0.002 |       0.001 |      0.001 |       NA    | Unspecified | NA         |
| MGTAVcc   |       1.000 |     0.000 |       0.000 |      0.000 |       NA    | Unspecified | NA         |
| MGTAVtt   |       1.200 |     0.000 |       0.000 |      0.000 |       NA    | Unspecified | NA         |
| Vccadc    |       1.800 |     0.021 |       0.001 |      0.020 |       NA    | Unspecified | NA         |
+-----------+-------------+-----------+-------------+------------+-------------+-------------+------------+


1.3 Confidence Level
--------------------

+-----------------------------+------------+--------------------------------------------------------+------------------------------------------------------------------------------------------------------------+
| User Input Data             | Confidence | Details                                                | Action                                                                                                     |
+-----------------------------+------------+--------------------------------------------------------+------------------------------------------------------------------------------------------------------------+
| Design implementation state | High       | Design is routed                                       |                                                                                                            |
| Clock nodes activity        | High       | User specified more than 95% of clocks                 |                                                                                                            |
| I/O nodes activity          | Low        | More than 75% of inputs are missing user specification | Provide missing input activity with simulation results or by editing the "By Resource Type -> I/Os" view   |
| Internal nodes activity     | Medium     | User specified less than 25% of internal nodes         | Provide missing internal nodes activity with simulation results or by editing the "By Resource Type" views |
| Device models               | High       | Device models are Production                           |                                                                                                            |
|                             |            |                                                        |                                                                                                            |
| Overall confidence level    | Low        |                                                        |                                                                                                            |
+-----------------------------+------------+--------------------------------------------------------+------------------------------------------------------------------------------------------------------------+


2. Settings
-----------

2.1 Environment
---------------

+-----------------------+--------------------------+
| Ambient Temp (C)      | 25.0                     |
| ThetaJA (C/W)         | 4.6                      |
| Airflow (LFM)         | 250                      |
| Heat Sink             | medium (Medium Profile)  |
| ThetaSA (C/W)         | 4.6                      |
| Board Selection       | medium (10"x10")         |
| # of Board Layers     | 12to15 (12 to 15 Layers) |
| Board Temperature (C) | 25.0                     |
+-----------------------+--------------------------+


2.2 Clock Constraints
---------------------

+-----------------------------------------------------------------------------------------------------------------------------------------------------------+-----------------------------------------------------------------------------------------------------------------------------------------------------------------------------------------------------------+-----------------+
| Clock                                                                                                                                                     | Domain                                                                                                                                                                                                    | Constraint (ns) |
+-----------------------------------------------------------------------------------------------------------------------------------------------------------+-----------------------------------------------------------------------------------------------------------------------------------------------------------------------------------------------------------+-----------------+
| clk_100MHz_o_ClkGen                                                                                                                                       | Inst_ClkGen/inst/clk_100MHz_o_ClkGen                                                                                                                                                                      |             9.3 |
| clk_200MHz_o_ClkGen                                                                                                                                       | Inst_ClkGen/inst/clk_200MHz_o_ClkGen                                                                                                                                                                      |             5.0 |
| clk_i                                                                                                                                                     | clk_i                                                                                                                                                                                                     |            10.0 |
| clk_pll_i                                                                                                                                                 | Inst_Audio/DDR/Inst_DDR/u_ddr_mig/u_ddr2_infrastructure/clk_pll_i                                                                                                                                         |            13.3 |
| clkfbout_ClkGen                                                                                                                                           | Inst_ClkGen/inst/clkfbout_ClkGen                                                                                                                                                                          |            10.0 |
| freq_refclk                                                                                                                                               | Inst_Audio/DDR/Inst_DDR/u_ddr_mig/u_ddr2_infrastructure/freq_refclk                                                                                                                                       |             1.7 |
| iserdes_clkdiv                                                                                                                                            | Inst_Audio/DDR/Inst_DDR/u_ddr_mig/u_memc_ui_top_std/mem_intfc0/ddr_phy_top0/u_ddr_mc_phy_wrapper/u_ddr_mc_phy/ddr_phy_4lanes_0.u_ddr_phy_4lanes/ddr_byte_lane_A.ddr_byte_lane_A/iserdes_clkdiv            |            13.3 |
| iserdes_clkdiv_1                                                                                                                                          | Inst_Audio/DDR/Inst_DDR/u_ddr_mig/u_memc_ui_top_std/mem_intfc0/ddr_phy_top0/u_ddr_mc_phy_wrapper/u_ddr_mc_phy/ddr_phy_4lanes_0.u_ddr_phy_4lanes/ddr_byte_lane_C.ddr_byte_lane_C/iserdes_clkdiv            |            13.3 |
| mem_refclk                                                                                                                                                | Inst_Audio/DDR/Inst_DDR/u_ddr_mig/u_ddr2_infrastructure/mem_refclk                                                                                                                                        |             3.3 |
| oserdes_clk                                                                                                                                               | Inst_Audio/DDR/Inst_DDR/u_ddr_mig/u_memc_ui_top_std/mem_intfc0/ddr_phy_top0/u_ddr_mc_phy_wrapper/u_ddr_mc_phy/ddr_phy_4lanes_0.u_ddr_phy_4lanes/ddr_byte_lane_A.ddr_byte_lane_A/oserdes_clk               |             3.3 |
| oserdes_clk_1                                                                                                                                             | Inst_Audio/DDR/Inst_DDR/u_ddr_mig/u_memc_ui_top_std/mem_intfc0/ddr_phy_top0/u_ddr_mc_phy_wrapper/u_ddr_mc_phy/ddr_phy_4lanes_0.u_ddr_phy_4lanes/ddr_byte_lane_B.ddr_byte_lane_B/oserdes_clk               |             3.3 |
| oserdes_clk_2                                                                                                                                             | Inst_Audio/DDR/Inst_DDR/u_ddr_mig/u_memc_ui_top_std/mem_intfc0/ddr_phy_top0/u_ddr_mc_phy_wrapper/u_ddr_mc_phy/ddr_phy_4lanes_0.u_ddr_phy_4lanes/ddr_byte_lane_C.ddr_byte_lane_C/oserdes_clk               |             3.3 |
| oserdes_clk_3                                                                                                                                             | Inst_Audio/DDR/Inst_DDR/u_ddr_mig/u_memc_ui_top_std/mem_intfc0/ddr_phy_top0/u_ddr_mc_phy_wrapper/u_ddr_mc_phy/ddr_phy_4lanes_0.u_ddr_phy_4lanes/ddr_byte_lane_D.ddr_byte_lane_D/oserdes_clk               |             3.3 |
| oserdes_clkdiv                                                                                                                                            | Inst_Audio/DDR/Inst_DDR/u_ddr_mig/u_memc_ui_top_std/mem_intfc0/ddr_phy_top0/u_ddr_mc_phy_wrapper/u_ddr_mc_phy/ddr_phy_4lanes_0.u_ddr_phy_4lanes/ddr_byte_lane_A.ddr_byte_lane_A/oserdes_clkdiv            |             6.7 |
| oserdes_clkdiv_1                                                                                                                                          | Inst_Audio/DDR/Inst_DDR/u_ddr_mig/u_memc_ui_top_std/mem_intfc0/ddr_phy_top0/u_ddr_mc_phy_wrapper/u_ddr_mc_phy/ddr_phy_4lanes_0.u_ddr_phy_4lanes/ddr_byte_lane_B.ddr_byte_lane_B/oserdes_clkdiv            |            13.3 |
| oserdes_clkdiv_2                                                                                                                                          | Inst_Audio/DDR/Inst_DDR/u_ddr_mig/u_memc_ui_top_std/mem_intfc0/ddr_phy_top0/u_ddr_mc_phy_wrapper/u_ddr_mc_phy/ddr_phy_4lanes_0.u_ddr_phy_4lanes/ddr_byte_lane_C.ddr_byte_lane_C/oserdes_clkdiv            |             6.7 |
| oserdes_clkdiv_3                                                                                                                                          | Inst_Audio/DDR/Inst_DDR/u_ddr_mig/u_memc_ui_top_std/mem_intfc0/ddr_phy_top0/u_ddr_mc_phy_wrapper/u_ddr_mc_phy/ddr_phy_4lanes_0.u_ddr_phy_4lanes/ddr_byte_lane_D.ddr_byte_lane_D/oserdes_clkdiv            |            13.3 |
| pll_clk3_out                                                                                                                                              | Inst_Audio/DDR/Inst_DDR/u_ddr_mig/u_ddr2_infrastructure/pll_clk3_out                                                                                                                                      |            13.3 |
| pll_clkfbout                                                                                                                                              | Inst_Audio/DDR/Inst_DDR/u_ddr_mig/u_ddr2_infrastructure/pll_clkfbout                                                                                                                                      |             5.0 |
| sync_pulse                                                                                                                                                | Inst_Audio/DDR/Inst_DDR/u_ddr_mig/u_ddr2_infrastructure/sync_pulse                                                                                                                                        |            53.3 |
| u_memc_ui_top_std/mem_intfc0/ddr_phy_top0/u_ddr_mc_phy_wrapper/u_ddr_mc_phy/ddr_phy_4lanes_0.u_ddr_phy_4lanes/ddr_byte_lane_A.ddr_byte_lane_A/iserdes_clk | Inst_Audio/DDR/Inst_DDR/u_ddr_mig/u_memc_ui_top_std/mem_intfc0/ddr_phy_top0/u_ddr_mc_phy_wrapper/u_ddr_mc_phy/ddr_phy_4lanes_0.u_ddr_phy_4lanes/ddr_byte_lane_A.ddr_byte_lane_A/phaser_in_gen.phaser_in_0 |             3.3 |
| u_memc_ui_top_std/mem_intfc0/ddr_phy_top0/u_ddr_mc_phy_wrapper/u_ddr_mc_phy/ddr_phy_4lanes_0.u_ddr_phy_4lanes/ddr_byte_lane_C.ddr_byte_lane_C/iserdes_clk | Inst_Audio/DDR/Inst_DDR/u_ddr_mig/u_memc_ui_top_std/mem_intfc0/ddr_phy_top0/u_ddr_mc_phy_wrapper/u_ddr_mc_phy/ddr_phy_4lanes_0.u_ddr_phy_4lanes/ddr_byte_lane_C.ddr_byte_lane_C/phaser_in_gen.phaser_in_0 |             3.3 |
+-----------------------------------------------------------------------------------------------------------------------------------------------------------+-----------------------------------------------------------------------------------------------------------------------------------------------------------------------------------------------------------+-----------------+


3. Detailed Reports
-------------------

3.1 By Hierarchy
----------------

+-----------------------------+-----------+
| Name                        | Power (W) |
+-----------------------------+-----------+
| Nexys4DdrUserDemo           |     1.074 |
|   Inst_AccelerometerCtl     |     0.005 |
|     ADXL_Control            |     0.002 |
|     Accel_Calculation       |     0.002 |
|       Magnitude_Calculation |     0.002 |
|   Inst_Audio                |     0.878 |
|     DDR                     |     0.875 |
|       Inst_DDR              |     0.874 |
|   Inst_ClkGen               |     0.130 |
|     inst                    |     0.130 |
|   Inst_FPGAMonitor          |     0.003 |
|   Inst_MouseCtl             |     0.003 |
|   Inst_RGB                  |     0.002 |
|   Inst_SevenSeg             |     0.001 |
|   Inst_TempSensorCtl        |     0.001 |
|   Inst_VGA                  |     0.023 |
|     Inst_LogoDisplay        |     0.007 |
|       Inst_BRAM_1           |     0.007 |
|     Inst_MicDisplay         |     0.003 |
|     Inst_OverlayCtrl        |     0.005 |
|     Inst_XadcTempDisplay    |     0.002 |
+-----------------------------+-----------+


