Copyright 1986-2022 Xilinx, Inc. All Rights Reserved. Copyright 2022-2025 Advanced Micro Devices, Inc. All Rights Reserved.
---------------------------------------------------------------------------------------------------------------------------------------------
| Tool Version : Vivado v.2025.2 (win64) Build 6299465 Fri Nov 14 19:35:11 GMT 2025
| Date         : Fri Jun 26 13:15:38 2026
| Host         : DESKTOP-3778IF0 running 64-bit major release  (build 9200)
| Command      : report_timing_summary -file C:/CM/VHDL_Study_Hall/2_LED_Toggle_Debounced/Build_Results/post_route_timing_summary.rpt
| Design       : LED_Toggle_Debounced_Top
| Device       : 7a100t-csg324
| Speed File   : -1  PRODUCTION 1.23 2018-06-13
| Design State : Routed
---------------------------------------------------------------------------------------------------------------------------------------------

Timing Summary Report

------------------------------------------------------------------------------------------------
| Timer Settings
| --------------
------------------------------------------------------------------------------------------------

  Enable Multi Corner Analysis               :  Yes
  Enable Pessimism Removal                   :  Yes
  Pessimism Removal Resolution               :  Nearest Common Node
  Enable Input Delay Default Clock           :  No
  Enable Preset / Clear Arcs                 :  No
  Disable Flight Delays                      :  No
  Ignore I/O Paths                           :  No
  Timing Early Launch at Borrowing Latches   :  No
  Borrow Time for Max Delay Exceptions       :  Yes
  Merge Timing Exceptions                    :  Yes
  Inter-SLR Compensation                     :  Conservative

  Corner  Analyze    Analyze    
  Name    Max Paths  Min Paths  
  ------  ---------  ---------  
  Slow    Yes        Yes        
  Fast    Yes        Yes        


------------------------------------------------------------------------------------------------
| Report Methodology
| ------------------
------------------------------------------------------------------------------------------------

No report available as report_methodology has not been run prior. Run report_methodology on the current design for the summary of methodology violations.



check_timing report

Table of Contents
-----------------
1. checking no_clock (0)
2. checking constant_clock (0)
3. checking pulse_width_clock (0)
4. checking unconstrained_internal_endpoints (0)
5. checking no_input_delay (1)
6. checking no_output_delay (1)
7. checking multiple_clock (0)
8. checking generated_clocks (0)
9. checking loops (0)
10. checking partial_input_delay (0)
11. checking partial_output_delay (0)
12. checking latch_loops (0)

1. checking no_clock (0)
------------------------
 There are 0 register/latch pins with no clock.


2. checking constant_clock (0)
------------------------------
 There are 0 register/latch pins with constant_clock.


3. checking pulse_width_clock (0)
---------------------------------
 There are 0 register/latch pins which need pulse_width check


4. checking unconstrained_internal_endpoints (0)
------------------------------------------------
 There are 0 pins that are not constrained for maximum delay.

 There are 0 pins that are not constrained for maximum delay due to constant clock.


5. checking no_input_delay (1)
------------------------------
 There is 1 input port with no input delay specified. (HIGH)

 There are 0 input ports with no input delay but user has a false path constraint.


6. checking no_output_delay (1)
-------------------------------
 There is 1 port with no output delay specified. (HIGH)

 There are 0 ports with no output delay but user has a false path constraint

 There are 0 ports with no output delay but with a timing clock defined on it or propagating through it


7. checking multiple_clock (0)
------------------------------
 There are 0 register/latch pins with multiple clocks.


8. checking generated_clocks (0)
--------------------------------
 There are 0 generated clocks that are not connected to a clock source.


9. checking loops (0)
---------------------
 There are 0 combinational loops in the design.


10. checking partial_input_delay (0)
------------------------------------
 There are 0 input ports with partial input delay specified.


11. checking partial_output_delay (0)
-------------------------------------
 There are 0 ports with partial output delay specified.


12. checking latch_loops (0)
----------------------------
 There are 0 combinational latch loops in the design through latch input



------------------------------------------------------------------------------------------------
| Design Timing Summary
| ---------------------
------------------------------------------------------------------------------------------------

    WNS(ns)      TNS(ns)  TNS Failing Endpoints  TNS Total Endpoints      WHS(ns)      THS(ns)  THS Failing Endpoints  THS Total Endpoints     WPWS(ns)     TPWS(ns)  TPWS Failing Endpoints  TPWS Total Endpoints  
    -------      -------  ---------------------  -------------------      -------      -------  ---------------------  -------------------     --------     --------  ----------------------  --------------------  
      5.310        0.000                      0                   43        0.190        0.000                      0                   43        4.500        0.000                       0                    24  


All user specified timing constraints are met.


------------------------------------------------------------------------------------------------
| Clock Summary
| -------------
------------------------------------------------------------------------------------------------

Clock               Waveform(ns)       Period(ns)      Frequency(MHz)
-----               ------------       ----------      --------------
SYS_CLK_100MHZ_OBJ  {0.000 5.000}      10.000          100.000         


------------------------------------------------------------------------------------------------
| Intra Clock Table
| -----------------
------------------------------------------------------------------------------------------------

Clock                   WNS(ns)      TNS(ns)  TNS Failing Endpoints  TNS Total Endpoints      WHS(ns)      THS(ns)  THS Failing Endpoints  THS Total Endpoints     WPWS(ns)     TPWS(ns)  TPWS Failing Endpoints  TPWS Total Endpoints  
-----                   -------      -------  ---------------------  -------------------      -------      -------  ---------------------  -------------------     --------     --------  ----------------------  --------------------  
SYS_CLK_100MHZ_OBJ        5.310        0.000                      0                   43        0.190        0.000                      0                   43        4.500        0.000                       0                    24  


------------------------------------------------------------------------------------------------
| Inter Clock Table
| -----------------
------------------------------------------------------------------------------------------------

From Clock    To Clock          WNS(ns)      TNS(ns)  TNS Failing Endpoints  TNS Total Endpoints      WHS(ns)      THS(ns)  THS Failing Endpoints  THS Total Endpoints  
----------    --------          -------      -------  ---------------------  -------------------      -------      -------  ---------------------  -------------------  


------------------------------------------------------------------------------------------------
| Other Path Groups Table
| -----------------------
------------------------------------------------------------------------------------------------

Path Group    From Clock    To Clock          WNS(ns)      TNS(ns)  TNS Failing Endpoints  TNS Total Endpoints      WHS(ns)      THS(ns)  THS Failing Endpoints  THS Total Endpoints  
----------    ----------    --------          -------      -------  ---------------------  -------------------      -------      -------  ---------------------  -------------------  


------------------------------------------------------------------------------------------------
| Timing Details
| --------------
------------------------------------------------------------------------------------------------


---------------------------------------------------------------------------------------------------
From Clock:  SYS_CLK_100MHZ_OBJ
  To Clock:  SYS_CLK_100MHZ_OBJ

Setup :            0  Failing Endpoints,  Worst Slack        5.310ns,  Total Violation        0.000ns
Hold  :            0  Failing Endpoints,  Worst Slack        0.190ns,  Total Violation        0.000ns
PW    :            0  Failing Endpoints,  Worst Slack        4.500ns,  Total Violation        0.000ns
---------------------------------------------------------------------------------------------------


Max Delay Paths
--------------------------------------------------------------------------------------
Slack (MET) :             5.310ns  (required time - arrival time)
  Source:                 Debounce_Filter_Inst/debounce_clk_counter_reg[7]/C
                            (rising edge-triggered cell FDRE clocked by SYS_CLK_100MHZ_OBJ  {rise@0.000ns fall@5.000ns period=10.000ns})
  Destination:            Debounce_Filter_Inst/debounce_clk_counter_reg[0]/R
                            (rising edge-triggered cell FDRE clocked by SYS_CLK_100MHZ_OBJ  {rise@0.000ns fall@5.000ns period=10.000ns})
  Path Group:             SYS_CLK_100MHZ_OBJ
  Path Type:              Setup (Max at Slow Process Corner)
  Requirement:            10.000ns  (SYS_CLK_100MHZ_OBJ rise@10.000ns - SYS_CLK_100MHZ_OBJ rise@0.000ns)
  Data Path Delay:        3.994ns  (logic 1.648ns (41.262%)  route 2.346ns (58.738%))
  Logic Levels:           4  (CARRY4=2 LUT2=1 LUT3=1)
  Clock Path Skew:        -0.024ns (DCD - SCD + CPR)
    Destination Clock Delay (DCD):    5.009ns = ( 15.009 - 10.000 ) 
    Source Clock Delay      (SCD):    5.308ns
    Clock Pessimism Removal (CPR):    0.275ns
  Clock Uncertainty:      0.035ns  ((TSJ^2 + TIJ^2)^1/2 + DJ) / 2 + PE
    Total System Jitter     (TSJ):    0.071ns
    Total Input Jitter      (TIJ):    0.000ns
    Discrete Jitter          (DJ):    0.000ns
    Phase Error              (PE):    0.000ns

    Location             Delay type                Incr(ns)  Path(ns)    Netlist Resource(s)
  -------------------------------------------------------------------    -------------------
                         (clock SYS_CLK_100MHZ_OBJ rise edge)
                                                      0.000     0.000 r  
    E3                                                0.000     0.000 r  sys_clk_100mhz (IN)
                         net (fo=0)                   0.000     0.000    sys_clk_100mhz
    E3                   IBUF (Prop_ibuf_I_O)         1.482     1.482 r  sys_clk_100mhz_IBUF_inst/O
                         net (fo=1, routed)           2.025     3.506    sys_clk_100mhz_IBUF
    BUFGCTRL_X0Y16       BUFG (Prop_bufg_I_O)         0.096     3.602 r  sys_clk_100mhz_IBUF_BUFG_inst/O
                         net (fo=23, routed)          1.706     5.308    Debounce_Filter_Inst/sys_clk_100mhz_IBUF_BUFG
    SLICE_X0Y111         FDRE                                         r  Debounce_Filter_Inst/debounce_clk_counter_reg[7]/C
  -------------------------------------------------------------------    -------------------
    SLICE_X0Y111         FDRE (Prop_fdre_C_Q)         0.456     5.764 f  Debounce_Filter_Inst/debounce_clk_counter_reg[7]/Q
                         net (fo=4, routed)           0.825     6.589    Debounce_Filter_Inst/debounce_clk_counter_reg[7]
    SLICE_X1Y112         LUT2 (Prop_lut2_I1_O)        0.124     6.713 r  Debounce_Filter_Inst/debounce_clk_counter2_carry_i_6/O
                         net (fo=1, routed)           0.000     6.713    Debounce_Filter_Inst/debounce_clk_counter2_carry_i_6_n_0
    SLICE_X1Y112         CARRY4 (Prop_carry4_S[0]_CO[3])
                                                      0.532     7.245 r  Debounce_Filter_Inst/debounce_clk_counter2_carry/CO[3]
                         net (fo=1, routed)           0.000     7.245    Debounce_Filter_Inst/debounce_clk_counter2_carry_n_0
    SLICE_X1Y113         CARRY4 (Prop_carry4_CI_CO[2])
                                                      0.228     7.473 f  Debounce_Filter_Inst/debounce_clk_counter2_carry__0/CO[2]
                         net (fo=2, routed)           0.411     7.884    Debounce_Filter_Inst/debounce_clk_counter21_in
    SLICE_X1Y114         LUT3 (Prop_lut3_I2_O)        0.308     8.192 r  Debounce_Filter_Inst/debounce_clk_counter[0]_i_1/O
                         net (fo=20, routed)          1.111     9.302    Debounce_Filter_Inst/p_0_in
    SLICE_X0Y110         FDRE                                         r  Debounce_Filter_Inst/debounce_clk_counter_reg[0]/R
  -------------------------------------------------------------------    -------------------

                         (clock SYS_CLK_100MHZ_OBJ rise edge)
                                                     10.000    10.000 r  
    E3                                                0.000    10.000 r  sys_clk_100mhz (IN)
                         net (fo=0)                   0.000    10.000    sys_clk_100mhz
    E3                   IBUF (Prop_ibuf_I_O)         1.411    11.411 r  sys_clk_100mhz_IBUF_inst/O
                         net (fo=1, routed)           1.920    13.331    sys_clk_100mhz_IBUF
    BUFGCTRL_X0Y16       BUFG (Prop_bufg_I_O)         0.091    13.422 r  sys_clk_100mhz_IBUF_BUFG_inst/O
                         net (fo=23, routed)          1.587    15.009    Debounce_Filter_Inst/sys_clk_100mhz_IBUF_BUFG
    SLICE_X0Y110         FDRE                                         r  Debounce_Filter_Inst/debounce_clk_counter_reg[0]/C
                         clock pessimism              0.275    15.284    
                         clock uncertainty           -0.035    15.249    
    SLICE_X0Y110         FDRE (Setup_fdre_C_R)       -0.637    14.612    Debounce_Filter_Inst/debounce_clk_counter_reg[0]
  -------------------------------------------------------------------
                         required time                         14.612    
                         arrival time                          -9.302    
  -------------------------------------------------------------------
                         slack                                  5.310    





Min Delay Paths
--------------------------------------------------------------------------------------
Slack (MET) :             0.190ns  (arrival time - required time)
  Source:                 LED_Button_Toggle_Inst/r_button_status_reg/C
                            (rising edge-triggered cell FDRE clocked by SYS_CLK_100MHZ_OBJ  {rise@0.000ns fall@5.000ns period=10.000ns})
  Destination:            LED_Button_Toggle_Inst/r_LED_status_reg/D
                            (rising edge-triggered cell FDRE clocked by SYS_CLK_100MHZ_OBJ  {rise@0.000ns fall@5.000ns period=10.000ns})
  Path Group:             SYS_CLK_100MHZ_OBJ
  Path Type:              Hold (Min at Fast Process Corner)
  Requirement:            0.000ns  (SYS_CLK_100MHZ_OBJ rise@0.000ns - SYS_CLK_100MHZ_OBJ rise@0.000ns)
  Data Path Delay:        0.281ns  (logic 0.227ns (80.665%)  route 0.054ns (19.335%))
  Logic Levels:           1  (LUT3=1)
  Clock Path Skew:        0.000ns (DCD - SCD - CPR)
    Destination Clock Delay (DCD):    2.031ns
    Source Clock Delay      (SCD):    1.513ns
    Clock Pessimism Removal (CPR):    0.517ns

    Location             Delay type                Incr(ns)  Path(ns)    Netlist Resource(s)
  -------------------------------------------------------------------    -------------------
                         (clock SYS_CLK_100MHZ_OBJ rise edge)
                                                      0.000     0.000 r  
    E3                                                0.000     0.000 r  sys_clk_100mhz (IN)
                         net (fo=0)                   0.000     0.000    sys_clk_100mhz
    E3                   IBUF (Prop_ibuf_I_O)         0.250     0.250 r  sys_clk_100mhz_IBUF_inst/O
                         net (fo=1, routed)           0.644     0.894    sys_clk_100mhz_IBUF
    BUFGCTRL_X0Y16       BUFG (Prop_bufg_I_O)         0.026     0.920 r  sys_clk_100mhz_IBUF_BUFG_inst/O
                         net (fo=23, routed)          0.594     1.513    LED_Button_Toggle_Inst/sys_clk_100mhz_IBUF_BUFG
    SLICE_X1Y114         FDRE                                         r  LED_Button_Toggle_Inst/r_button_status_reg/C
  -------------------------------------------------------------------    -------------------
    SLICE_X1Y114         FDRE (Prop_fdre_C_Q)         0.128     1.641 r  LED_Button_Toggle_Inst/r_button_status_reg/Q
                         net (fo=1, routed)           0.054     1.696    LED_Button_Toggle_Inst/r_button_status
    SLICE_X1Y114         LUT3 (Prop_lut3_I1_O)        0.099     1.795 r  LED_Button_Toggle_Inst/r_LED_status_i_1/O
                         net (fo=1, routed)           0.000     1.795    LED_Button_Toggle_Inst/r_LED_status_i_1_n_0
    SLICE_X1Y114         FDRE                                         r  LED_Button_Toggle_Inst/r_LED_status_reg/D
  -------------------------------------------------------------------    -------------------

                         (clock SYS_CLK_100MHZ_OBJ rise edge)
                                                      0.000     0.000 r  
    E3                                                0.000     0.000 r  sys_clk_100mhz (IN)
                         net (fo=0)                   0.000     0.000    sys_clk_100mhz
    E3                   IBUF (Prop_ibuf_I_O)         0.438     0.438 r  sys_clk_100mhz_IBUF_inst/O
                         net (fo=1, routed)           0.699     1.136    sys_clk_100mhz_IBUF
    BUFGCTRL_X0Y16       BUFG (Prop_bufg_I_O)         0.029     1.165 r  sys_clk_100mhz_IBUF_BUFG_inst/O
                         net (fo=23, routed)          0.866     2.031    LED_Button_Toggle_Inst/sys_clk_100mhz_IBUF_BUFG
    SLICE_X1Y114         FDRE                                         r  LED_Button_Toggle_Inst/r_LED_status_reg/C
                         clock pessimism             -0.517     1.513    
    SLICE_X1Y114         FDRE (Hold_fdre_C_D)         0.091     1.604    LED_Button_Toggle_Inst/r_LED_status_reg
  -------------------------------------------------------------------
                         required time                         -1.604    
                         arrival time                           1.795    
  -------------------------------------------------------------------
                         slack                                  0.190    





Pulse Width Checks
--------------------------------------------------------------------------------------
Clock Name:         SYS_CLK_100MHZ_OBJ
Waveform(ns):       { 0.000 5.000 }
Period(ns):         10.000
Sources:            { sys_clk_100mhz }

Check Type        Corner  Lib Pin  Reference Pin  Required(ns)  Actual(ns)  Slack(ns)  Location        Pin
Min Period        n/a     BUFG/I   n/a            2.155         10.000      7.845      BUFGCTRL_X0Y16  sys_clk_100mhz_IBUF_BUFG_inst/I
Low Pulse Width   Slow    FDRE/C   n/a            0.500         5.000       4.500      SLICE_X0Y110    Debounce_Filter_Inst/debounce_clk_counter_reg[0]/C
High Pulse Width  Slow    FDRE/C   n/a            0.500         5.000       4.500      SLICE_X0Y110    Debounce_Filter_Inst/debounce_clk_counter_reg[0]/C



