Copyright 1986-2022 Xilinx, Inc. All Rights Reserved. Copyright 2022-2025 Advanced Micro Devices, Inc. All Rights Reserved.
---------------------------------------------------------------------------------------------------------------------------------------------
| Tool Version : Vivado v.2025.2 (win64) Build 6299465 Fri Nov 14 19:35:11 GMT 2025
| Date         : Fri Jun 26 17:41:28 2026
| Host         : DESKTOP-3778IF0 running 64-bit major release  (build 9200)
| Command      : report_timing_summary -file C:/CM/VHDL_Study_Hall/2_LED_Toggle_Debounced/Build_Results/post_synth_timing_summary.rpt
| Design       : LED_Toggle_Debounced_Top
| Device       : 7a100t-csg324
| Speed File   : -1  PRODUCTION 1.23 2018-06-13
| Design State : Synthesized
---------------------------------------------------------------------------------------------------------------------------------------------

Timing Summary Report

------------------------------------------------------------------------------------------------
| Timer Settings
| --------------
------------------------------------------------------------------------------------------------

  Enable Multi Corner Analysis               :  Yes
  Enable Pessimism Removal                   :  Yes
  Pessimism Removal Resolution               :  Nearest Common Node
  Enable Input Delay Default Clock           :  No
  Enable Preset / Clear Arcs                 :  No
  Disable Flight Delays                      :  No
  Ignore I/O Paths                           :  No
  Timing Early Launch at Borrowing Latches   :  No
  Borrow Time for Max Delay Exceptions       :  Yes
  Merge Timing Exceptions                    :  Yes
  Inter-SLR Compensation                     :  Conservative

  Corner  Analyze    Analyze    
  Name    Max Paths  Min Paths  
  ------  ---------  ---------  
  Slow    Yes        Yes        
  Fast    Yes        Yes        


------------------------------------------------------------------------------------------------
| Report Methodology
| ------------------
------------------------------------------------------------------------------------------------

No report available as report_methodology has not been run prior. Run report_methodology on the current design for the summary of methodology violations.



check_timing report

Table of Contents
-----------------
1. checking no_clock (0)
2. checking constant_clock (0)
3. checking pulse_width_clock (0)
4. checking unconstrained_internal_endpoints (0)
5. checking no_input_delay (1)
6. checking no_output_delay (1)
7. checking multiple_clock (0)
8. checking generated_clocks (0)
9. checking loops (0)
10. checking partial_input_delay (0)
11. checking partial_output_delay (0)
12. checking latch_loops (0)

1. checking no_clock (0)
------------------------
 There are 0 register/latch pins with no clock.


2. checking constant_clock (0)
------------------------------
 There are 0 register/latch pins with constant_clock.


3. checking pulse_width_clock (0)
---------------------------------
 There are 0 register/latch pins which need pulse_width check


4. checking unconstrained_internal_endpoints (0)
------------------------------------------------
 There are 0 pins that are not constrained for maximum delay.

 There are 0 pins that are not constrained for maximum delay due to constant clock.


5. checking no_input_delay (1)
------------------------------
 There is 1 input port with no input delay specified. (HIGH)

 There are 0 input ports with no input delay but user has a false path constraint.


6. checking no_output_delay (1)
-------------------------------
 There is 1 port with no output delay specified. (HIGH)

 There are 0 ports with no output delay but user has a false path constraint

 There are 0 ports with no output delay but with a timing clock defined on it or propagating through it


7. checking multiple_clock (0)
------------------------------
 There are 0 register/latch pins with multiple clocks.


8. checking generated_clocks (0)
--------------------------------
 There are 0 generated clocks that are not connected to a clock source.


9. checking loops (0)
---------------------
 There are 0 combinational loops in the design.


10. checking partial_input_delay (0)
------------------------------------
 There are 0 input ports with partial input delay specified.


11. checking partial_output_delay (0)
-------------------------------------
 There are 0 ports with partial output delay specified.


12. checking latch_loops (0)
----------------------------
 There are 0 combinational latch loops in the design through latch input



------------------------------------------------------------------------------------------------
| Design Timing Summary
| ---------------------
------------------------------------------------------------------------------------------------

    WNS(ns)      TNS(ns)  TNS Failing Endpoints  TNS Total Endpoints      WHS(ns)      THS(ns)  THS Failing Endpoints  THS Total Endpoints     WPWS(ns)     TPWS(ns)  TPWS Failing Endpoints  TPWS Total Endpoints  
    -------      -------  ---------------------  -------------------      -------      -------  ---------------------  -------------------     --------     --------  ----------------------  --------------------  
      5.701        0.000                      0                   43        0.137        0.000                      0                   43        4.500        0.000                       0                    24  


All user specified timing constraints are met.


------------------------------------------------------------------------------------------------
| Clock Summary
| -------------
------------------------------------------------------------------------------------------------

Clock               Waveform(ns)       Period(ns)      Frequency(MHz)
-----               ------------       ----------      --------------
SYS_CLK_100MHZ_OBJ  {0.000 5.000}      10.000          100.000         


------------------------------------------------------------------------------------------------
| Intra Clock Table
| -----------------
------------------------------------------------------------------------------------------------

Clock                   WNS(ns)      TNS(ns)  TNS Failing Endpoints  TNS Total Endpoints      WHS(ns)      THS(ns)  THS Failing Endpoints  THS Total Endpoints     WPWS(ns)     TPWS(ns)  TPWS Failing Endpoints  TPWS Total Endpoints  
-----                   -------      -------  ---------------------  -------------------      -------      -------  ---------------------  -------------------     --------     --------  ----------------------  --------------------  
SYS_CLK_100MHZ_OBJ        5.701        0.000                      0                   43        0.137        0.000                      0                   43        4.500        0.000                       0                    24  


------------------------------------------------------------------------------------------------
| Inter Clock Table
| -----------------
------------------------------------------------------------------------------------------------

From Clock    To Clock          WNS(ns)      TNS(ns)  TNS Failing Endpoints  TNS Total Endpoints      WHS(ns)      THS(ns)  THS Failing Endpoints  THS Total Endpoints  
----------    --------          -------      -------  ---------------------  -------------------      -------      -------  ---------------------  -------------------  


------------------------------------------------------------------------------------------------
| Other Path Groups Table
| -----------------------
------------------------------------------------------------------------------------------------

Path Group    From Clock    To Clock          WNS(ns)      TNS(ns)  TNS Failing Endpoints  TNS Total Endpoints      WHS(ns)      THS(ns)  THS Failing Endpoints  THS Total Endpoints  
----------    ----------    --------          -------      -------  ---------------------  -------------------      -------      -------  ---------------------  -------------------  


------------------------------------------------------------------------------------------------
| Timing Details
| --------------
------------------------------------------------------------------------------------------------


---------------------------------------------------------------------------------------------------
From Clock:  SYS_CLK_100MHZ_OBJ
  To Clock:  SYS_CLK_100MHZ_OBJ

Setup :            0  Failing Endpoints,  Worst Slack        5.701ns,  Total Violation        0.000ns
Hold  :            0  Failing Endpoints,  Worst Slack        0.137ns,  Total Violation        0.000ns
PW    :            0  Failing Endpoints,  Worst Slack        4.500ns,  Total Violation        0.000ns
---------------------------------------------------------------------------------------------------


Max Delay Paths
--------------------------------------------------------------------------------------
Slack (MET) :             5.701ns  (required time - arrival time)
  Source:                 Debounce_Filter_Inst/debounce_clk_counter_reg[6]/C
                            (rising edge-triggered cell FDRE clocked by SYS_CLK_100MHZ_OBJ  {rise@0.000ns fall@5.000ns period=10.000ns})
  Destination:            Debounce_Filter_Inst/debounce_clk_counter_reg[0]/R
                            (rising edge-triggered cell FDRE clocked by SYS_CLK_100MHZ_OBJ  {rise@0.000ns fall@5.000ns period=10.000ns})
  Path Group:             SYS_CLK_100MHZ_OBJ
  Path Type:              Setup (Max at Slow Process Corner)
  Requirement:            10.000ns  (SYS_CLK_100MHZ_OBJ rise@10.000ns - SYS_CLK_100MHZ_OBJ rise@0.000ns)
  Data Path Delay:        3.562ns  (logic 1.937ns (54.380%)  route 1.625ns (45.620%))
  Logic Levels:           4  (CARRY4=2 LUT2=1 LUT3=1)
  Clock Path Skew:        -0.145ns (DCD - SCD + CPR)
    Destination Clock Delay (DCD):    2.704ns = ( 12.704 - 10.000 ) 
    Source Clock Delay      (SCD):    2.965ns
    Clock Pessimism Removal (CPR):    0.116ns
  Clock Uncertainty:      0.035ns  ((TSJ^2 + TIJ^2)^1/2 + DJ) / 2 + PE
    Total System Jitter     (TSJ):    0.071ns
    Total Input Jitter      (TIJ):    0.000ns
    Discrete Jitter          (DJ):    0.000ns
    Phase Error              (PE):    0.000ns

    Location             Delay type                Incr(ns)  Path(ns)    Netlist Resource(s)
  -------------------------------------------------------------------    -------------------
                         (clock SYS_CLK_100MHZ_OBJ rise edge)
                                                      0.000     0.000 r  
    E3                                                0.000     0.000 r  sys_clk_100mhz (IN)
                         net (fo=0)                   0.000     0.000    sys_clk_100mhz
    E3                   IBUF (Prop_ibuf_I_O)         1.482     1.482 r  sys_clk_100mhz_IBUF_inst/O
                         net (fo=1, unplaced)         0.803     2.285    sys_clk_100mhz_IBUF
                         BUFG (Prop_bufg_I_O)         0.096     2.381 r  sys_clk_100mhz_IBUF_BUFG_inst/O
                         net (fo=23, unplaced)        0.584     2.965    Debounce_Filter_Inst/sys_clk_100mhz_IBUF_BUFG
                         FDRE                                         r  Debounce_Filter_Inst/debounce_clk_counter_reg[6]/C
  -------------------------------------------------------------------    -------------------
                         FDRE (Prop_fdre_C_Q)         0.478     3.443 f  Debounce_Filter_Inst/debounce_clk_counter_reg[6]/Q
                         net (fo=4, unplaced)         0.494     3.937    Debounce_Filter_Inst/debounce_clk_counter_reg[6]
                         LUT2 (Prop_lut2_I0_O)        0.321     4.258 r  Debounce_Filter_Inst/debounce_clk_counter2_carry_i_2/O
                         net (fo=1, unplaced)         0.000     4.258    Debounce_Filter_Inst/debounce_clk_counter2_carry_i_2_n_0
                         CARRY4 (Prop_carry4_DI[0]_CO[3])
                                                      0.576     4.834 r  Debounce_Filter_Inst/debounce_clk_counter2_carry/CO[3]
                         net (fo=1, unplaced)         0.000     4.834    Debounce_Filter_Inst/debounce_clk_counter2_carry_n_0
                         CARRY4 (Prop_carry4_CI_CO[2])
                                                      0.252     5.086 f  Debounce_Filter_Inst/debounce_clk_counter2_carry__0/CO[2]
                         net (fo=2, unplaced)         0.463     5.549    Debounce_Filter_Inst/debounce_clk_counter21_in
                         LUT3 (Prop_lut3_I2_O)        0.310     5.859 r  Debounce_Filter_Inst/debounce_clk_counter[0]_i_1/O
                         net (fo=20, unplaced)        0.668     6.527    Debounce_Filter_Inst/p_0_in
                         FDRE                                         r  Debounce_Filter_Inst/debounce_clk_counter_reg[0]/R
  -------------------------------------------------------------------    -------------------

                         (clock SYS_CLK_100MHZ_OBJ rise edge)
                                                     10.000    10.000 r  
    E3                                                0.000    10.000 r  sys_clk_100mhz (IN)
                         net (fo=0)                   0.000    10.000    sys_clk_100mhz
    E3                   IBUF (Prop_ibuf_I_O)         1.411    11.411 r  sys_clk_100mhz_IBUF_inst/O
                         net (fo=1, unplaced)         0.763    12.174    sys_clk_100mhz_IBUF
                         BUFG (Prop_bufg_I_O)         0.091    12.265 r  sys_clk_100mhz_IBUF_BUFG_inst/O
                         net (fo=23, unplaced)        0.439    12.704    Debounce_Filter_Inst/sys_clk_100mhz_IBUF_BUFG
                         FDRE                                         r  Debounce_Filter_Inst/debounce_clk_counter_reg[0]/C
                         clock pessimism              0.116    12.820    
                         clock uncertainty           -0.035    12.784    
                         FDRE (Setup_fdre_C_R)       -0.557    12.227    Debounce_Filter_Inst/debounce_clk_counter_reg[0]
  -------------------------------------------------------------------
                         required time                         12.227    
                         arrival time                          -6.527    
  -------------------------------------------------------------------
                         slack                                  5.701    





Min Delay Paths
--------------------------------------------------------------------------------------
Slack (MET) :             0.137ns  (arrival time - required time)
  Source:                 LED_Button_Toggle_Inst/r_LED_status_reg/C
                            (rising edge-triggered cell FDRE clocked by SYS_CLK_100MHZ_OBJ  {rise@0.000ns fall@5.000ns period=10.000ns})
  Destination:            LED_Button_Toggle_Inst/r_LED_status_reg/D
                            (rising edge-triggered cell FDRE clocked by SYS_CLK_100MHZ_OBJ  {rise@0.000ns fall@5.000ns period=10.000ns})
  Path Group:             SYS_CLK_100MHZ_OBJ
  Path Type:              Hold (Min at Fast Process Corner)
  Requirement:            0.000ns  (SYS_CLK_100MHZ_OBJ rise@0.000ns - SYS_CLK_100MHZ_OBJ rise@0.000ns)
  Data Path Delay:        0.381ns  (logic 0.245ns (64.350%)  route 0.136ns (35.650%))
  Logic Levels:           1  (LUT3=1)
  Clock Path Skew:        0.145ns (DCD - SCD - CPR)
    Destination Clock Delay (DCD):    1.082ns
    Source Clock Delay      (SCD):    0.728ns
    Clock Pessimism Removal (CPR):    0.209ns

    Location             Delay type                Incr(ns)  Path(ns)    Netlist Resource(s)
  -------------------------------------------------------------------    -------------------
                         (clock SYS_CLK_100MHZ_OBJ rise edge)
                                                      0.000     0.000 r  
    E3                                                0.000     0.000 r  sys_clk_100mhz (IN)
                         net (fo=0)                   0.000     0.000    sys_clk_100mhz
    E3                   IBUF (Prop_ibuf_I_O)         0.250     0.250 r  sys_clk_100mhz_IBUF_inst/O
                         net (fo=1, unplaced)         0.338     0.588    sys_clk_100mhz_IBUF
                         BUFG (Prop_bufg_I_O)         0.026     0.614 r  sys_clk_100mhz_IBUF_BUFG_inst/O
                         net (fo=23, unplaced)        0.114     0.728    LED_Button_Toggle_Inst/sys_clk_100mhz_IBUF_BUFG
                         FDRE                                         r  LED_Button_Toggle_Inst/r_LED_status_reg/C
  -------------------------------------------------------------------    -------------------
                         FDRE (Prop_fdre_C_Q)         0.147     0.875 r  LED_Button_Toggle_Inst/r_LED_status_reg/Q
                         net (fo=2, unplaced)         0.136     1.011    LED_Button_Toggle_Inst/LED_OBUF
                         LUT3 (Prop_lut3_I2_O)        0.098     1.109 r  LED_Button_Toggle_Inst/r_LED_status_i_1/O
                         net (fo=1, unplaced)         0.000     1.109    LED_Button_Toggle_Inst/r_LED_status_i_1_n_0
                         FDRE                                         r  LED_Button_Toggle_Inst/r_LED_status_reg/D
  -------------------------------------------------------------------    -------------------

                         (clock SYS_CLK_100MHZ_OBJ rise edge)
                                                      0.000     0.000 r  
    E3                                                0.000     0.000 r  sys_clk_100mhz (IN)
                         net (fo=0)                   0.000     0.000    sys_clk_100mhz
    E3                   IBUF (Prop_ibuf_I_O)         0.438     0.438 r  sys_clk_100mhz_IBUF_inst/O
                         net (fo=1, unplaced)         0.356     0.794    sys_clk_100mhz_IBUF
                         BUFG (Prop_bufg_I_O)         0.029     0.823 r  sys_clk_100mhz_IBUF_BUFG_inst/O
                         net (fo=23, unplaced)        0.259     1.082    LED_Button_Toggle_Inst/sys_clk_100mhz_IBUF_BUFG
                         FDRE                                         r  LED_Button_Toggle_Inst/r_LED_status_reg/C
                         clock pessimism             -0.209     0.873    
                         FDRE (Hold_fdre_C_D)         0.099     0.972    LED_Button_Toggle_Inst/r_LED_status_reg
  -------------------------------------------------------------------
                         required time                         -0.972    
                         arrival time                           1.109    
  -------------------------------------------------------------------
                         slack                                  0.137    





Pulse Width Checks
--------------------------------------------------------------------------------------
Clock Name:         SYS_CLK_100MHZ_OBJ
Waveform(ns):       { 0.000 5.000 }
Period(ns):         10.000
Sources:            { sys_clk_100mhz }

Check Type        Corner  Lib Pin  Reference Pin  Required(ns)  Actual(ns)  Slack(ns)  Location  Pin
Min Period        n/a     BUFG/I   n/a            2.155         10.000      7.845                sys_clk_100mhz_IBUF_BUFG_inst/I
Low Pulse Width   Slow    FDRE/C   n/a            0.500         5.000       4.500                Debounce_Filter_Inst/debounce_clk_counter_reg[0]/C
High Pulse Width  Slow    FDRE/C   n/a            0.500         5.000       4.500                Debounce_Filter_Inst/debounce_clk_counter_reg[0]/C



